Archive member included to satisfy reference by file (symbol)

.pio/build/nucleo_f401re/libFrameworkArduino.a(HardwareSerial.cpp.o)
                              .pio/build/nucleo_f401re/src/main.cpp.o (Serial2)
.pio/build/nucleo_f401re/libFrameworkArduino.a(Print.cpp.o)
                              .pio/build/nucleo_f401re/src/main.cpp.o (Print::print(char const*))
.pio/build/nucleo_f401re/libFrameworkArduino.a(Stream.cpp.o)
                              .pio/build/nucleo_f401re/libFrameworkArduino.a(HardwareSerial.cpp.o) (Stream::readBytes(char*, unsigned int))
.pio/build/nucleo_f401re/libFrameworkArduino.a(WString.cpp.o)
                              .pio/build/nucleo_f401re/libFrameworkArduino.a(Stream.cpp.o) (String::String(char const*))
.pio/build/nucleo_f401re/libFrameworkArduino.a(dtostrf.c.o)
                              .pio/build/nucleo_f401re/libFrameworkArduino.a(WString.cpp.o) (dtostrf)
.pio/build/nucleo_f401re/libFrameworkArduino.a(itoa.c.o)
                              .pio/build/nucleo_f401re/libFrameworkArduino.a(WString.cpp.o) (ltoa)
.pio/build/nucleo_f401re/libFrameworkArduino.a(main.cpp.o)
                              c:/users/elena/.platformio/packages/toolchain-gccarmnoneeabi/bin/../lib/gcc/arm-none-eabi/12.3.1/../../../../arm-none-eabi/lib/thumb/v7e-m+fp/hard/crt0.o (main)
.pio/build/nucleo_f401re/libFrameworkArduino.a(startup_stm32yyxx.S.o)
                              (Reset_Handler)
.pio/build/nucleo_f401re/libFrameworkArduino.a(wiring_analog.c.o)
                              .pio/build/nucleo_f401re/src/main.cpp.o (analogRead)
.pio/build/nucleo_f401re/libFrameworkArduino.a(wiring_digital.c.o)
                              .pio/build/nucleo_f401re/src/main.cpp.o (pinMode)
.pio/build/nucleo_f401re/libFrameworkArduino.a(wiring_time.c.o)
                              .pio/build/nucleo_f401re/libFrameworkArduino.a(Stream.cpp.o) (millis)
.pio/build/nucleo_f401re/libFrameworkArduino.a(WSerial.cpp.o)
                              .pio/build/nucleo_f401re/libFrameworkArduino.a(main.cpp.o) (serialEventRun())
.pio/build/nucleo_f401re/libFrameworkArduino.a(board.c.o)
                              .pio/build/nucleo_f401re/libFrameworkArduino.a(main.cpp.o) (init)
.pio/build/nucleo_f401re/libFrameworkArduino.a(hooks.c.o)
                              .pio/build/nucleo_f401re/libFrameworkArduino.a(wiring_time.c.o) (yield)
.pio/build/nucleo_f401re/libFrameworkArduino.a(pins_arduino.c.o)
                              .pio/build/nucleo_f401re/libFrameworkArduino.a(wiring_analog.c.o) (analogInputToPinName)
c:/users/elena/.platformio/packages/toolchain-gccarmnoneeabi/bin/../lib/gcc/arm-none-eabi/12.3.1/thumb/v7e-m+fp/hard\libgcc.a(_arm_muldf3.o)
                              .pio/build/nucleo_f401re/SrcWrapper/src/HardwareTimer.cpp.o (__aeabi_dmul)
c:/users/elena/.platformio/packages/toolchain-gccarmnoneeabi/bin/../lib/gcc/arm-none-eabi/12.3.1/thumb/v7e-m+fp/hard\libgcc.a(_arm_addsubdf3.o)
                              .pio/build/nucleo_f401re/libFrameworkArduino.a(Print.cpp.o) (__aeabi_dsub)
c:/users/elena/.platformio/packages/toolchain-gccarmnoneeabi/bin/../lib/gcc/arm-none-eabi/12.3.1/thumb/v7e-m+fp/hard\libgcc.a(_arm_muldivdf3.o)
                              .pio/build/nucleo_f401re/SrcWrapper/src/HardwareTimer.cpp.o (__aeabi_ddiv)
c:/users/elena/.platformio/packages/toolchain-gccarmnoneeabi/bin/../lib/gcc/arm-none-eabi/12.3.1/thumb/v7e-m+fp/hard\libgcc.a(_arm_cmpdf2.o)
                              .pio/build/nucleo_f401re/libFrameworkArduino.a(Print.cpp.o) (__aeabi_dcmplt)
c:/users/elena/.platformio/packages/toolchain-gccarmnoneeabi/bin/../lib/gcc/arm-none-eabi/12.3.1/thumb/v7e-m+fp/hard\libgcc.a(_arm_unorddf2.o)
                              .pio/build/nucleo_f401re/libFrameworkArduino.a(Print.cpp.o) (__aeabi_dcmpun)
c:/users/elena/.platformio/packages/toolchain-gccarmnoneeabi/bin/../lib/gcc/arm-none-eabi/12.3.1/thumb/v7e-m+fp/hard\libgcc.a(_arm_fixdfsi.o)
                              .pio/build/nucleo_f401re/libFrameworkArduino.a(dtostrf.c.o) (__aeabi_d2iz)
c:/users/elena/.platformio/packages/toolchain-gccarmnoneeabi/bin/../lib/gcc/arm-none-eabi/12.3.1/thumb/v7e-m+fp/hard\libgcc.a(_arm_fixunsdfsi.o)
                              .pio/build/nucleo_f401re/SrcWrapper/src/HardwareTimer.cpp.o (__aeabi_d2uiz)
c:/users/elena/.platformio/packages/toolchain-gccarmnoneeabi/bin/../lib/gcc/arm-none-eabi/12.3.1/thumb/v7e-m+fp/hard\libgcc.a(_arm_truncdfsf2.o)
                              .pio/build/nucleo_f401re/src/main.cpp.o (__aeabi_d2f)
c:/users/elena/.platformio/packages/toolchain-gccarmnoneeabi/bin/../lib/gcc/arm-none-eabi/12.3.1/thumb/v7e-m+fp/hard\libgcc.a(_aeabi_ldivmod.o)
                              .pio/build/nucleo_f401re/SrcWrapper/src/HAL/stm32yyxx_hal_rcc.c.o (__aeabi_ldivmod)
c:/users/elena/.platformio/packages/toolchain-gccarmnoneeabi/bin/../lib/gcc/arm-none-eabi/12.3.1/thumb/v7e-m+fp/hard\libgcc.a(_aeabi_uldivmod.o)
[...]
Memory Configuration

Name             Origin             Length             Attributes
*default*        0x00000000         0xffffffff
RAM              0x20000000         0x00018000         xrw
FLASH            0x08000000         0x00080000         xr

Linker script and memory map

                0x20018000                        _estack = (ORIGIN (RAM) + LENGTH (RAM))
                0x00000200                        _Min_Heap_Size = 0x200
                0x00000400                        _Min_Stack_Size = 0x400

.isr_vector     0x08000000      0x194
                0x08000000                        . = ALIGN (0x4)
 *(.isr_vector)
 .isr_vector    0x08000000      0x194 .pio/build/nucleo_f401re/libFrameworkArduino.a(startup_stm32yyxx.S.o)
                0x08000000                g_pfnVectors
                0x08000194                        . = ALIGN (0x4)

.text           0x08000198     0x3f80
                0x08000198                        . = ALIGN (0x4)
 *(.text)
 .text          0x08000198      0x378 c:/users/elena/.platformio/packages/toolchain-gccarmnoneeabi/bin/../lib/gcc/arm-none-eabi/12.3.1/thumb/v7e-m+fp/hard\libgcc.a(_arm_addsubdf3.o)
                0x08000198                __aeabi_drsub
                0x080001a0                __aeabi_dsub
                0x080001a0                __subdf3
                0x080001a4                __aeabi_dadd
                0x080001a4                __adddf3
                0x0800041c                __floatunsidf
                0x0800041c                __aeabi_ui2d
                0x0800043c                __floatsidf
                0x0800043c                __aeabi_i2d
                0x08000460                __aeabi_f2d
                0x08000460                __extendsfdf2
                0x080004a4                __floatundidf
                0x080004a4                __aeabi_ul2d
                0x080004b4                __floatdidf
                0x080004b4                __aeabi_l2d
 .text          0x08000510      0x424 c:/users/elena/.platformio/packages/toolchain-gccarmnoneeabi/bin/../lib/gcc/arm-none-eabi/12.3.1/thumb/v7e-m+fp/hard\libgcc.a(_arm_muldivdf3.o)
                0x08000510                __aeabi_dmul
                0x08000510                __muldf3
                0x08000764                __divdf3
                0x08000764                __aeabi_ddiv
 .text          0x08000934       0xa0 c:/users/elena/.platformio/packages/toolchain-gccarmnoneeabi/bin/../lib/gcc/arm-none-eabi/12.3.1/thumb/v7e-m+fp/hard\libgcc.a(_arm_truncdfsf2.o)
                0x08000934                __truncdfsf2
                0x08000934                __aeabi_d2f
 .text          0x080009d4       0x30 c:/users/elena/.platformio/packages/toolchain-gccarmnoneeabi/bin/../lib/gcc/arm-none-eabi/12.3.1/thumb/v7e-m+fp/hard\libgcc.a(_aeabi_uldivmod.o)
                0x080009d4                __aeabi_uldivmod
 .text          0x08000a04        0x4 c:/users/elena/.platformio/packages/toolchain-gccarmnoneeabi/bin/../lib/gcc/arm-none-eabi/12.3.1/thumb/v7e-m+fp/hard\libgcc.a(_dvmd_tls.o)
                0x08000a04                __aeabi_idiv0
                0x08000a04                __aeabi_ldiv0
 .text          0x08000a08       0x10 c:/users/elena/.platformio/packages/toolchain-gccarmnoneeabi/bin/../lib/gcc/arm-none-eabi/12.3.1/../../../../arm-none-eabi/lib/thumb/v7e-m+fp/hard\libc_nano.a(libc_a-strlen.o)
                0x08000a08                strlen
 *(.text*)
 .text.__do_global_dtors_aux
                0x08000a18       0x24 c:/users/elena/.platformio/packages/toolchain-gccarmnoneeabi/bin/../lib/gcc/arm-none-eabi/12.3.1/thumb/v7e-m+fp/hard/crtbegin.o
 .text.frame_dummy
                0x08000a3c       0x1c c:/users/elena/.platformio/packages/toolchain-gccarmnoneeabi/bin/../lib/gcc/arm-none-eabi/12.3.1/thumb/v7e-m+fp/hard/crtbegin.o
 .text.SystemClock_Config
                0x08000a58       0xa0 .pio/build/nucleo_f401re/FrameworkArduinoVariant/variant_NUCLEO_F401RE.cpp.o
                0x08000a58                SystemClock_Config
 .text.HAL_MspInit
                0x08000af8        0x2 .pio/build/nucleo_f401re/SrcWrapper/src/HAL/stm32yyxx_hal.c.o
                0x08000af8                HAL_MspInit
 *fill*         0x08000afa        0x2 
 .text.HAL_InitTick
                0x08000afc       0x48 .pio/build/nucleo_f401re/SrcWrapper/src/HAL/stm32yyxx_hal.c.o
                0x08000afc                HAL_InitTick
 .text.HAL_Init
                0x08000b44       0x34 .pio/build/nucleo_f401re/SrcWrapper/src/HAL/stm32yyxx_hal.c.o
                0x08000b44                HAL_Init
 .text.HAL_IncTick
                0x08000b78       0x18 .pio/build/nucleo_f401re/SrcWrapper/src/HAL/stm32yyxx_hal.c.o
                0x08000b78                HAL_IncTick
 .text.HAL_GetTick
                0x08000b90        0xc .pio/build/nucleo_f401re/SrcWrapper/src/HAL/stm32yyxx_hal.c.o
                0x08000b90                HAL_GetTick
 .text.HAL_ADC_Init
                0x08000b9c      0x14c .pio/build/nucleo_f401re/SrcWrapper/src/HAL/stm32yyxx_hal_adc.c.o
                0x08000b9c                HAL_ADC_Init
 .text.HAL_ADC_DeInit
                0x08000ce8       0x34 .pio/build/nucleo_f401re/SrcWrapper/src/HAL/stm32yyxx_hal_adc.c.o
                0x08000ce8                HAL_ADC_DeInit
 .text.HAL_ADC_Start
                0x08000d1c       0xd0 .pio/build/nucleo_f401re/SrcWrapper/src/HAL/stm32yyxx_hal_adc.c.o
                0x08000d1c                HAL_ADC_Start
 .text.HAL_ADC_Stop
                0x08000dec       0x36 .pio/build/nucleo_f401re/SrcWrapper/src/HAL/stm32yyxx_hal_adc.c.o
                0x08000dec                HAL_ADC_Stop
 .text.HAL_ADC_PollForConversion
                0x08000e22       0xa6 .pio/build/nucleo_f401re/SrcWrapper/src/HAL/stm32yyxx_hal_adc.c.o
                0x08000e22                HAL_ADC_PollForConversion
 .text.HAL_ADC_GetValue
                0x08000ec8        0x6 .pio/build/nucleo_f401re/SrcWrapper/src/HAL/stm32yyxx_hal_adc.c.o
                0x08000ec8                HAL_ADC_GetValue
 *fill*         0x08000ece        0x2 
 .text.HAL_ADC_ConfigChannel
                0x08000ed0      0x120 .pio/build/nucleo_f401re/SrcWrapper/src/HAL/stm32yyxx_hal_adc.c.o
                0x08000ed0                HAL_ADC_ConfigChannel
 .text.HAL_ADC_GetState
                0x08000ff0        0x4 .pio/build/nucleo_f401re/SrcWrapper/src/HAL/stm32yyxx_hal_adc.c.o
                0x08000ff0                HAL_ADC_GetState
 .text.HAL_NVIC_SetPriorityGrouping
                0x08000ff4       0x24 .pio/build/nucleo_f401re/SrcWrapper/src/HAL/stm32yyxx_hal_cortex.c.o
                0x08000ff4                HAL_NVIC_SetPriorityGrouping
 .text.HAL_NVIC_SetPriority
                0x08001018       0x64 .pio/build/nucleo_f401re/SrcWrapper/src/HAL/stm32yyxx_hal_cortex.c.o
                0x08001018                HAL_NVIC_SetPriority
 .text.HAL_NVIC_EnableIRQ
                0x0800107c       0x1c .pio/build/nucleo_f401re/SrcWrapper/src/HAL/stm32yyxx_hal_cortex.c.o
                0x0800107c                HAL_NVIC_EnableIRQ
 .text.HAL_NVIC_DisableIRQ
                0x08001098       0x24 .pio/build/nucleo_f401re/SrcWrapper/src/HAL/stm32yyxx_hal_cortex.c.o
                0x08001098                HAL_NVIC_DisableIRQ
 .text.HAL_SYSTICK_Config
                0x080010bc       0x28 .pio/build/nucleo_f401re/SrcWrapper/src/HAL/stm32yyxx_hal_cortex.c.o
                0x080010bc                HAL_SYSTICK_Config
 .text.HAL_NVIC_ClearPendingIRQ
                0x080010e4       0x1c .pio/build/nucleo_f401re/SrcWrapper/src/HAL/stm32yyxx_hal_cortex.c.o
                0x080010e4                HAL_NVIC_ClearPendingIRQ
 .text.HAL_SYSTICK_Callback
                0x08001100        0x2 .pio/build/nucleo_f401re/SrcWrapper/src/HAL/stm32yyxx_hal_cortex.c.o
                0x08001100                HAL_SYSTICK_Callback
 .text.HAL_SYSTICK_IRQHandler
                0x08001102        0x8 .pio/build/nucleo_f401re/SrcWrapper/src/HAL/stm32yyxx_hal_cortex.c.o
                0x08001102                HAL_SYSTICK_IRQHandler
 .text.HAL_CRC_MspInit
                0x0800110a        0x2 .pio/build/nucleo_f401re/SrcWrapper/src/HAL/stm32yyxx_hal_crc.c.o
                0x0800110a                HAL_CRC_MspInit
 .text.HAL_CRC_Init
                0x0800110c       0x20 .pio/build/nucleo_f401re/SrcWrapper/src/HAL/stm32yyxx_hal_crc.c.o
                0x0800110c                HAL_CRC_Init
 .text.HAL_DMA_Abort
                0x0800112c       0x7c .pio/build/nucleo_f401re/SrcWrapper/src/HAL/stm32yyxx_hal_dma.c.o
                0x0800112c                HAL_DMA_Abort
 .text.HAL_DMA_Abort_IT
                0x080011a8       0x24 .pio/build/nucleo_f401re/SrcWrapper/src/HAL/stm32yyxx_hal_dma.c.o
                0x080011a8                HAL_DMA_Abort_IT
 .text.HAL_GPIO_EXTI_IRQHandler
                0x080011cc       0x18 .pio/build/nucleo_f401re/SrcWrapper/src/HAL/stm32yyxx_hal_gpio.c.o
                0x080011cc                HAL_GPIO_EXTI_IRQHandler
 .text.HAL_RCC_OscConfig
                0x080011e4      0x35c .pio/build/nucleo_f401re/SrcWrapper/src/HAL/stm32yyxx_hal_rcc.c.o
                0x080011e4                HAL_RCC_OscConfig
 .text.HAL_RCC_GetSysClockFreq
                0x08001540       0x5c .pio/build/nucleo_f401re/SrcWrapper/src/HAL/stm32yyxx_hal_rcc.c.o
                0x08001540                HAL_RCC_GetSysClockFreq
 .text.HAL_RCC_ClockConfig
                0x0800159c      0x134 .pio/build/nucleo_f401re/SrcWrapper/src/HAL/stm32yyxx_hal_rcc.c.o
                0x0800159c                HAL_RCC_ClockConfig
 .text.HAL_RCC_GetPCLK1Freq
                0x080016d0       0x20 .pio/build/nucleo_f401re/SrcWrapper/src/HAL/stm32yyxx_hal_rcc.c.o
                0x080016d0                HAL_RCC_GetPCLK1Freq
 .text.HAL_RCC_GetPCLK2Freq
                0x080016f0       0x20 .pio/build/nucleo_f401re/SrcWrapper/src/HAL/stm32yyxx_hal_rcc.c.o
                0x080016f0                HAL_RCC_GetPCLK2Freq
 .text.HAL_TIM_PWM_PulseFinishedCallback
                0x08001710        0x2 .pio/build/nucleo_f401re/SrcWrapper/src/HAL/stm32yyxx_hal_tim.c.o
                0x08001710                HAL_TIM_PWM_PulseFinishedCallback
 .text.HAL_TIM_TriggerCallback
                0x08001712        0x2 .pio/build/nucleo_f401re/SrcWrapper/src/HAL/stm32yyxx_hal_tim.c.o
                0x08001712                HAL_TIM_TriggerCallback
 .text.HAL_TIM_IRQHandler
                0x08001714      0x128 .pio/build/nucleo_f401re/SrcWrapper/src/HAL/stm32yyxx_hal_tim.c.o
                0x08001714                HAL_TIM_IRQHandler
 .text.TIM_Base_SetConfig
                0x0800183c       0x88 .pio/build/nucleo_f401re/SrcWrapper/src/HAL/stm32yyxx_hal_tim.c.o
                0x0800183c                TIM_Base_SetConfig
 .text.HAL_TIM_Base_Init
                0x080018c4       0x58 .pio/build/nucleo_f401re/SrcWrapper/src/HAL/stm32yyxx_hal_tim.c.o
                0x080018c4                HAL_TIM_Base_Init
 .text.HAL_TIMEx_CommutCallback
                0x0800191c        0x2 .pio/build/nucleo_f401re/SrcWrapper/src/HAL/stm32yyxx_hal_tim_ex.c.o
                0x0800191c                HAL_TIMEx_CommutCallback
 .text.HAL_TIMEx_BreakCallback
                0x0800191e        0x2 .pio/build/nucleo_f401re/SrcWrapper/src/HAL/stm32yyxx_hal_tim_ex.c.o
                0x0800191e                HAL_TIMEx_BreakCallback
 .text.UART_EndRxTransfer
                0x08001920       0x5c .pio/build/nucleo_f401re/SrcWrapper/src/HAL/stm32yyxx_hal_uart.c.o
 .text.UART_SetConfig
                0x0800197c       0xbc .pio/build/nucleo_f401re/SrcWrapper/src/HAL/stm32yyxx_hal_uart.c.o
 .text.HAL_UART_MspInit
                0x08001a38        0x2 .pio/build/nucleo_f401re/SrcWrapper/src/HAL/stm32yyxx_hal_uart.c.o
                0x08001a38                HAL_UART_MspInit
 .text.HAL_UART_Init
                0x08001a3a       0x5e .pio/build/nucleo_f401re/SrcWrapper/src/HAL/stm32yyxx_hal_uart.c.o
                0x08001a3a                HAL_UART_Init
 .text.HAL_HalfDuplex_Init
                0x08001a98       0x66 .pio/build/nucleo_f401re/SrcWrapper/src/HAL/stm32yyxx_hal_uart.c.o
                0x08001a98                HAL_HalfDuplex_Init
 .text.HAL_UART_Transmit_IT
                0x08001afe       0x32 .pio/build/nucleo_f401re/SrcWrapper/src/HAL/stm32yyxx_hal_uart.c.o
                0x08001afe                HAL_UART_Transmit_IT
 .text.UART_DMAAbortOnError
                0x08001b30       0x10 .pio/build/nucleo_f401re/SrcWrapper/src/HAL/stm32yyxx_hal_uart.c.o
 .text.HAL_UARTEx_RxEventCallback
                0x08001b40        0x2 .pio/build/nucleo_f401re/SrcWrapper/src/HAL/stm32yyxx_hal_uart.c.o
                0x08001b40                HAL_UARTEx_RxEventCallback
 .text.UART_Receive_IT.isra.0
                0x08001b42       0xb6 .pio/build/nucleo_f401re/SrcWrapper/src/HAL/stm32yyxx_hal_uart.c.o
 .text.HAL_UART_IRQHandler
                0x08001bf8      0x2dc .pio/build/nucleo_f401re/SrcWrapper/src/HAL/stm32yyxx_hal_uart.c.o
                0x08001bf8                HAL_UART_IRQHandler
 .text.HAL_HalfDuplex_EnableTransmitter
                0x08001ed4       0x30 .pio/build/nucleo_f401re/SrcWrapper/src/HAL/stm32yyxx_hal_uart.c.o
                0x08001ed4                HAL_HalfDuplex_EnableTransmitter
 .text.HAL_HalfDuplex_EnableReceiver
                0x08001f04       0x30 .pio/build/nucleo_f401re/SrcWrapper/src/HAL/stm32yyxx_hal_uart.c.o
                0x08001f04                HAL_HalfDuplex_EnableReceiver
 .text.HAL_UART_GetState
                0x08001f34        0xc .pio/build/nucleo_f401re/SrcWrapper/src/HAL/stm32yyxx_hal_uart.c.o
                0x08001f34                HAL_UART_GetState
 .text.UART_Start_Receive_IT
                0x08001f40       0x32 .pio/build/nucleo_f401re/SrcWrapper/src/HAL/stm32yyxx_hal_uart.c.o
                0x08001f40                UART_Start_Receive_IT
 .text.HAL_UART_Receive_IT
                0x08001f72       0x22 .pio/build/nucleo_f401re/SrcWrapper/src/HAL/stm32yyxx_hal_uart.c.o
                0x08001f72                HAL_UART_Receive_IT
 .text._ZNSt8functionIFvvEEaSEDn.isra.0
                0x08001f94       0x16 .pio/build/nucleo_f401re/SrcWrapper/src/HardwareTimer.cpp.o
 .text._ZNSt14_Function_baseD2Ev
                0x08001faa       0x12 .pio/build/nucleo_f401re/SrcWrapper/src/HardwareTimer.cpp.o
                0x08001faa                std::_Function_base::~_Function_base()
                0x08001faa                std::_Function_base::~_Function_base()
 .text._Z15get_timer_indexP11TIM_TypeDef
                0x08001fbc       0x64 .pio/build/nucleo_f401re/SrcWrapper/src/HardwareTimer.cpp.o
                0x08001fbc                get_timer_index(TIM_TypeDef*)
 .text._ZN13HardwareTimerD2Ev
                0x08002020       0x40 .pio/build/nucleo_f401re/SrcWrapper/src/HardwareTimer.cpp.o
                0x08002020                HardwareTimer::~HardwareTimer()
                0x08002020                HardwareTimer::~HardwareTimer()
 .text._ZN13HardwareTimer5setupEP11TIM_TypeDef
                0x08002060       0x84 .pio/build/nucleo_f401re/SrcWrapper/src/HardwareTimer.cpp.o
                0x08002060                HardwareTimer::setup(TIM_TypeDef*)
 .text.TIM1_UP_TIM10_IRQHandler
                0x080020e4       0x24 .pio/build/nucleo_f401re/SrcWrapper/src/HardwareTimer.cpp.o
                0x080020e4                TIM1_UP_TIM10_IRQHandler
 .text.TIM1_CC_IRQHandler
                0x08002108       0x14 .pio/build/nucleo_f401re/SrcWrapper/src/HardwareTimer.cpp.o
                0x08002108                TIM1_CC_IRQHandler
 .text.TIM2_IRQHandler
                0x0800211c       0x14 .pio/build/nucleo_f401re/SrcWrapper/src/HardwareTimer.cpp.o
                0x0800211c                TIM2_IRQHandler
 .text.TIM3_IRQHandler
                0x08002130       0x14 .pio/build/nucleo_f401re/SrcWrapper/src/HardwareTimer.cpp.o
                0x08002130                TIM3_IRQHandler
 .text.TIM4_IRQHandler
                0x08002144       0x14 .pio/build/nucleo_f401re/SrcWrapper/src/HardwareTimer.cpp.o
                0x08002144                TIM4_IRQHandler
 .text.TIM5_IRQHandler
                0x08002158       0x14 .pio/build/nucleo_f401re/SrcWrapper/src/HardwareTimer.cpp.o
                0x08002158                TIM5_IRQHandler
 .text.TIM1_BRK_TIM9_IRQHandler
                0x0800216c       0x14 .pio/build/nucleo_f401re/SrcWrapper/src/HardwareTimer.cpp.o
                0x0800216c                TIM1_BRK_TIM9_IRQHandler
 .text.TIM1_TRG_COM_TIM11_IRQHandler
                0x08002180       0x14 .pio/build/nucleo_f401re/SrcWrapper/src/HardwareTimer.cpp.o
                0x08002180                TIM1_TRG_COM_TIM11_IRQHandler
 .text._ZNSt8functionIFvvEEC2Ev
                0x08002194        0xc .pio/build/nucleo_f401re/SrcWrapper/src/HardwareTimer.cpp.o
                0x08002194                std::function<void ()>::function()
                0x08002194                std::function<void ()>::function()
 .text._ZN13HardwareTimerC2EP11TIM_TypeDef
                0x080021a0       0x2a .pio/build/nucleo_f401re/SrcWrapper/src/HardwareTimer.cpp.o
                0x080021a0                HardwareTimer::HardwareTimer(TIM_TypeDef*)
                0x080021a0                HardwareTimer::HardwareTimer(TIM_TypeDef*)
 .text._ZNKSt8functionIFvvEEclEv
                0x080021ca       0x12 .pio/build/nucleo_f401re/SrcWrapper/src/HardwareTimer.cpp.o
                0x080021ca                std::function<void ()>::operator()() const
 .text._ZN13HardwareTimer14updateCallbackEP17TIM_HandleTypeDef
                0x080021dc       0x18 .pio/build/nucleo_f401re/SrcWrapper/src/HardwareTimer.cpp.o
                0x080021dc                HardwareTimer::updateCallback(TIM_HandleTypeDef*)
 .text.HAL_TIM_PeriodElapsedCallback
                0x080021f4        0x4 .pio/build/nucleo_f401re/SrcWrapper/src/HardwareTimer.cpp.o
                0x080021f4                HAL_TIM_PeriodElapsedCallback
 .text._ZN13HardwareTimer22captureCompareCallbackEP17TIM_HandleTypeDef
                0x080021f8       0x3e .pio/build/nucleo_f401re/SrcWrapper/src/HardwareTimer.cpp.o
                0x080021f8                HardwareTimer::captureCompareCallback(TIM_HandleTypeDef*)
 .text.HAL_TIM_OC_DelayElapsedCallback
                0x08002236        0x4 .pio/build/nucleo_f401re/SrcWrapper/src/HardwareTimer.cpp.o
                0x08002236                HAL_TIM_OC_DelayElapsedCallback
 .text.HAL_TIM_IC_CaptureCallback
                0x0800223a        0x4 .pio/build/nucleo_f401re/SrcWrapper/src/HardwareTimer.cpp.o
                0x0800223a                HAL_TIM_IC_CaptureCallback
 .text._Znwj    0x0800223e        0x4 .pio/build/nucleo_f401re/SrcWrapper/src/new.cpp.o
                0x0800223e                operator new(unsigned int)
 .text._ZdlPvj  0x08002242        0x4 .pio/build/nucleo_f401re/SrcWrapper/src/new.cpp.o
                0x08002242                operator delete(void*, unsigned int)
 *fill*         0x08002246        0x2 
 .text.set_GPIO_Port_Clock
                0x08002248       0xd0 .pio/build/nucleo_f401re/SrcWrapper/src/stm32/PortNames.c.o
                0x08002248                set_GPIO_Port_Clock
 .text.get_adc_channel
                0x08002318       0x18 .pio/build/nucleo_f401re/SrcWrapper/src/stm32/analog.cpp.o
                0x08002318                get_adc_channel
 .text.get_adc_internal_channel
                0x08002330       0x14 .pio/build/nucleo_f401re/SrcWrapper/src/stm32/analog.cpp.o
                0x08002330                get_adc_internal_channel
 .text.HAL_ADC_MspInit
                0x08002344       0x48 .pio/build/nucleo_f401re/SrcWrapper/src/stm32/analog.cpp.o
                0x08002344                HAL_ADC_MspInit
 .text.HAL_ADC_MspDeInit
                0x0800238c       0x2c .pio/build/nucleo_f401re/SrcWrapper/src/stm32/analog.cpp.o
                0x0800238c                HAL_ADC_MspDeInit
 .text.adc_read_value
                0x080023b8      0x134 .pio/build/nucleo_f401re/SrcWrapper/src/stm32/analog.cpp.o
                0x080023b8                adc_read_value
 .text.pwm_stop
                0x080024ec       0x5c .pio/build/nucleo_f401re/SrcWrapper/src/stm32/analog.cpp.o
                0x080024ec                pwm_stop
 .text.getCurrentMillis
                0x08002548        0x4 .pio/build/nucleo_f401re/SrcWrapper/src/stm32/clock.c.o
                0x08002548                getCurrentMillis
 .text.noOsSystickHandler
                0x0800254c        0x2 .pio/build/nucleo_f401re/SrcWrapper/src/stm32/clock.c.o
                0x0800254c                osSystickHandler
                0x0800254c                noOsSystickHandler
 .text.SysTick_Handler
                0x0800254e       0x10 .pio/build/nucleo_f401re/SrcWrapper/src/stm32/clock.c.o
                0x0800254e                SysTick_Handler
 .text.configHSECapacitorTuning
                0x0800255e        0x2 .pio/build/nucleo_f401re/SrcWrapper/src/stm32/clock.c.o
                0x0800255e                configHSECapacitorTuning
 .text.configIPClock
                0x08002560       0x4c .pio/build/nucleo_f401re/SrcWrapper/src/stm32/clock.c.o
                0x08002560                configIPClock
 .text.dwt_init
                0x080025ac       0x3c .pio/build/nucleo_f401re/SrcWrapper/src/stm32/dwt.c.o
                0x080025ac                dwt_init
 .text.hw_config_init
                0x080025e8       0x24 .pio/build/nucleo_f401re/SrcWrapper/src/stm32/hw_config.c.o
                0x080025e8                hw_config_init
 .text.startup._ZNSt8functionIFvvEEC2EDn.constprop.0.isra.0
                0x0800260c        0xc .pio/build/nucleo_f401re/SrcWrapper/src/stm32/interrupt.cpp.o
 .text.HAL_GPIO_EXTI_Callback
                0x08002618       0x2c .pio/build/nucleo_f401re/SrcWrapper/src/stm32/interrupt.cpp.o
                0x08002618                HAL_GPIO_EXTI_Callback
 .text.EXTI0_IRQHandler
                0x08002644        0x6 .pio/build/nucleo_f401re/SrcWrapper/src/stm32/interrupt.cpp.o
                0x08002644                EXTI0_IRQHandler
 .text.EXTI1_IRQHandler
                0x0800264a        0x6 .pio/build/nucleo_f401re/SrcWrapper/src/stm32/interrupt.cpp.o
                0x0800264a                EXTI1_IRQHandler
 .text.EXTI2_IRQHandler
                0x08002650        0x6 .pio/build/nucleo_f401re/SrcWrapper/src/stm32/interrupt.cpp.o
                0x08002650                EXTI2_IRQHandler
 .text.EXTI3_IRQHandler
                0x08002656        0x6 .pio/build/nucleo_f401re/SrcWrapper/src/stm32/interrupt.cpp.o
                0x08002656                EXTI3_IRQHandler
 .text.EXTI4_IRQHandler
                0x0800265c        0x6 .pio/build/nucleo_f401re/SrcWrapper/src/stm32/interrupt.cpp.o
                0x0800265c                EXTI4_IRQHandler
 .text.EXTI9_5_IRQHandler
                0x08002662       0x16 .pio/build/nucleo_f401re/SrcWrapper/src/stm32/interrupt.cpp.o
                0x08002662                EXTI9_5_IRQHandler
 .text.EXTI15_10_IRQHandler
                0x08002678       0x18 .pio/build/nucleo_f401re/SrcWrapper/src/stm32/interrupt.cpp.o
                0x08002678                EXTI15_10_IRQHandler
 .text.startup._GLOBAL__sub_I__Z22stm32_interrupt_enableP12GPIO_TypeDeftSt8functionIFvvEEm
                0x08002690       0xd8 .pio/build/nucleo_f401re/SrcWrapper/src/stm32/interrupt.cpp.o
 .text.exit._GLOBAL__sub_D__Z22stm32_interrupt_enableP12GPIO_TypeDeftSt8functionIFvvEEm
                0x08002768       0x1c .pio/build/nucleo_f401re/SrcWrapper/src/stm32/interrupt.cpp.o
 .text.LL_GPIO_SetPinPull
                0x08002784       0x2a .pio/build/nucleo_f401re/SrcWrapper/src/stm32/pinmap.c.o
 .text.pin_in_pinmap
                0x080027ae       0x1e .pio/build/nucleo_f401re/SrcWrapper/src/stm32/pinmap.c.o
                0x080027ae                pin_in_pinmap
 .text.pin_function
                0x080027cc      0x11c .pio/build/nucleo_f401re/SrcWrapper/src/stm32/pinmap.c.o
                0x080027cc                pin_function
 .text.pinmap_pinout
                0x080028e8       0x1a .pio/build/nucleo_f401re/SrcWrapper/src/stm32/pinmap.c.o
                0x080028e8                pinmap_pinout
 .text.pinmap_find_peripheral
                0x08002902       0x16 .pio/build/nucleo_f401re/SrcWrapper/src/stm32/pinmap.c.o
                0x08002902                pinmap_find_peripheral
 .text.pinmap_peripheral
                0x08002918        0xc .pio/build/nucleo_f401re/SrcWrapper/src/stm32/pinmap.c.o
                0x08002918                pinmap_peripheral
 .text.pinmap_find_pin
                0x08002924       0x16 .pio/build/nucleo_f401re/SrcWrapper/src/stm32/pinmap.c.o
                0x08002924                pinmap_find_pin
 .text.pinmap_pin
                0x0800293a        0xc .pio/build/nucleo_f401re/SrcWrapper/src/stm32/pinmap.c.o
                0x0800293a                pinmap_pin
 .text.pinmap_find_function
                0x08002946       0x16 .pio/build/nucleo_f401re/SrcWrapper/src/stm32/pinmap.c.o
                0x08002946                pinmap_find_function
 .text.pinmap_function
                0x0800295c        0xa .pio/build/nucleo_f401re/SrcWrapper/src/stm32/pinmap.c.o
                0x0800295c                pinmap_function
 .text.pinmap_merge_peripheral
                0x08002966       0x14 .pio/build/nucleo_f401re/SrcWrapper/src/stm32/pinmap.c.o
                0x08002966                pinmap_merge_peripheral
 *fill*         0x0800297a        0x2 
 .text.SystemInit
                0x0800297c       0x50 .pio/build/nucleo_f401re/SrcWrapper/src/stm32/system_stm32yyxx.c.o
                0x0800297c                SystemInit
 .text.get_timer_obj
                0x080029cc        0x4 .pio/build/nucleo_f401re/SrcWrapper/src/stm32/timer.c.o
                0x080029cc                get_timer_obj
 .text.enableTimerClock
                0x080029d0      0x128 .pio/build/nucleo_f401re/SrcWrapper/src/stm32/timer.c.o
                0x080029d0                enableTimerClock
 .text.disableTimerClock
                0x08002af8       0xb4 .pio/build/nucleo_f401re/SrcWrapper/src/stm32/timer.c.o
                0x08002af8                disableTimerClock
 .text.getTimerUpIrq
                0x08002bac       0x74 .pio/build/nucleo_f401re/SrcWrapper/src/stm32/timer.c.o
                0x08002bac                getTimerUpIrq
 .text.getTimerCCIrq
                0x08002c20       0x78 .pio/build/nucleo_f401re/SrcWrapper/src/stm32/timer.c.o
                0x08002c20                getTimerCCIrq
 .text.HAL_TIM_Base_MspInit
                0x08002c98       0x4e .pio/build/nucleo_f401re/SrcWrapper/src/stm32/timer.c.o
                0x08002c98                HAL_TIM_Base_MspInit
 *fill*         0x08002ce6        0x2 
 .text.uart_init.part.0
                0x08002ce8      0x1c8 .pio/build/nucleo_f401re/SrcWrapper/src/stm32/uart.c.o
 .text.uart_init
                0x08002eb0       0x16 .pio/build/nucleo_f401re/SrcWrapper/src/stm32/uart.c.o
                0x08002eb0                uart_init
 *fill*         0x08002ec6        0x2 
 .text.serial_rx_active
                0x08002ec8       0x24 .pio/build/nucleo_f401re/SrcWrapper/src/stm32/uart.c.o
                0x08002ec8                serial_rx_active
 .text.serial_tx_active
                0x08002eec       0x24 .pio/build/nucleo_f401re/SrcWrapper/src/stm32/uart.c.o
                0x08002eec                serial_tx_active
 .text.uart_getc
                0x08002f10       0x38 .pio/build/nucleo_f401re/SrcWrapper/src/stm32/uart.c.o
                0x08002f10                uart_getc
 .text.uart_attach_rx_callback
                0x08002f48       0x40 .pio/build/nucleo_f401re/SrcWrapper/src/stm32/uart.c.o
                0x08002f48                uart_attach_rx_callback
 .text.uart_attach_tx_callback
                0x08002f88       0x40 .pio/build/nucleo_f401re/SrcWrapper/src/stm32/uart.c.o
                0x08002f88                uart_attach_tx_callback
 .text.uart_enable_tx
                0x08002fc8       0x1c .pio/build/nucleo_f401re/SrcWrapper/src/stm32/uart.c.o
                0x08002fc8                uart_enable_tx
 .text.uart_enable_rx
                0x08002fe4       0x1c .pio/build/nucleo_f401re/SrcWrapper/src/stm32/uart.c.o
                0x08002fe4                uart_enable_rx
 .text.HAL_UART_RxCpltCallback
                0x08003000        0x6 .pio/build/nucleo_f401re/SrcWrapper/src/stm32/uart.c.o
                0x08003000                HAL_UART_RxCpltCallback
 .text.HAL_UART_TxCpltCallback
                0x08003006        0x6 .pio/build/nucleo_f401re/SrcWrapper/src/stm32/uart.c.o
                0x08003006                HAL_UART_TxCpltCallback
 .text.HAL_UART_ErrorCallback
                0x0800300c       0x7c .pio/build/nucleo_f401re/SrcWrapper/src/stm32/uart.c.o
                0x0800300c                HAL_UART_ErrorCallback
 .text.USART1_IRQHandler
                0x08003088       0x18 .pio/build/nucleo_f401re/SrcWrapper/src/stm32/uart.c.o
                0x08003088                USART1_IRQHandler
 .text.USART2_IRQHandler
                0x080030a0       0x1c .pio/build/nucleo_f401re/SrcWrapper/src/stm32/uart.c.o
                0x080030a0                USART2_IRQHandler
 .text.USART6_IRQHandler
                0x080030bc       0x18 .pio/build/nucleo_f401re/SrcWrapper/src/stm32/uart.c.o
                0x080030bc                USART6_IRQHandler
 .text._sbrk    0x080030d4       0x3c .pio/build/nucleo_f401re/SrcWrapper/src/syscalls.c.o
                0x080030d4                _sbrk
 .text._exit    0x08003110        0x2 .pio/build/nucleo_f401re/SrcWrapper/src/syscalls.c.o
                0x08003110                _exit
 *fill*         0x08003112        0x2 
 .text._kill    0x08003114       0x10 .pio/build/nucleo_f401re/SrcWrapper/src/syscalls.c.o
                0x08003114                _kill
 .text._getpid  0x08003124        0x4 .pio/build/nucleo_f401re/SrcWrapper/src/syscalls.c.o
                0x08003124                _getpid
 .text.setup    0x08003128       0x30 .pio/build/nucleo_f401re/src/main.cpp.o
                0x08003128                setup
 .text.loop     0x08003158      0x108 .pio/build/nucleo_f401re/src/main.cpp.o
                0x08003158                loop
 .text._ZN14HardwareSerial9availableEv
                0x08003260       0x10 .pio/build/nucleo_f401re/libFrameworkArduino.a(HardwareSerial.cpp.o)
                0x08003260                HardwareSerial::available()
 .text._ZN14HardwareSerial4peekEv
                0x08003270       0x1a .pio/build/nucleo_f401re/libFrameworkArduino.a(HardwareSerial.cpp.o)
                0x08003270                HardwareSerial::peek()
 .text._ZN14HardwareSerial17availableForWriteEv
                0x0800328a       0x1c .pio/build/nucleo_f401re/libFrameworkArduino.a(HardwareSerial.cpp.o)
                0x0800328a                HardwareSerial::availableForWrite()
 .text._ZN14HardwareSerial5writeEh
                0x080032a6       0x18 .pio/build/nucleo_f401re/libFrameworkArduino.a(HardwareSerial.cpp.o)
                0x080032a6                HardwareSerial::write(unsigned char)
 .text._ZN14HardwareSerial16_rx_complete_irqEP8serial_s
                0x080032be       0x36 .pio/build/nucleo_f401re/libFrameworkArduino.a(HardwareSerial.cpp.o)
                0x080032be                HardwareSerial::_rx_complete_irq(serial_s*)
 .text._ZN14HardwareSerial16_tx_complete_irqEP8serial_s
                0x080032f4       0x60 .pio/build/nucleo_f401re/libFrameworkArduino.a(HardwareSerial.cpp.o)
                0x080032f4                HardwareSerial::_tx_complete_irq(serial_s*)
 .text._ZN14HardwareSerial5writeEPKhj
                0x08003354       0xe4 .pio/build/nucleo_f401re/libFrameworkArduino.a(HardwareSerial.cpp.o)
                0x08003354                HardwareSerial::write(unsigned char const*, unsigned int)
 .text._ZN14HardwareSerial4initE7PinNameS0_S0_S0_
                0x08003438       0x32 .pio/build/nucleo_f401re/libFrameworkArduino.a(HardwareSerial.cpp.o)
                0x08003438                HardwareSerial::init(PinName, PinName, PinName, PinName)
 .text._ZN14HardwareSerial5flushEm
                0x0800346a       0x36 .pio/build/nucleo_f401re/libFrameworkArduino.a(HardwareSerial.cpp.o)
                0x0800346a                HardwareSerial::flush(unsigned long)
 .text._ZN14HardwareSerial5flushEv
                0x080034a0        0x6 .pio/build/nucleo_f401re/libFrameworkArduino.a(HardwareSerial.cpp.o)
                0x080034a0                HardwareSerial::flush()
 *fill*         0x080034a6        0x2 
 .text._ZN14HardwareSerial5setRxEm
                0x080034a8       0x48 .pio/build/nucleo_f401re/libFrameworkArduino.a(HardwareSerial.cpp.o)
                0x080034a8                HardwareSerial::setRx(unsigned long)
 .text._ZN14HardwareSerial5setTxEm
                0x080034f0       0x48 .pio/build/nucleo_f401re/libFrameworkArduino.a(HardwareSerial.cpp.o)
                0x080034f0                HardwareSerial::setTx(unsigned long)
 .text._ZN14HardwareSerialC2EPv16HalfDuplexMode_t
                0x08003538       0x9c .pio/build/nucleo_f401re/libFrameworkArduino.a(HardwareSerial.cpp.o)
                0x08003538                HardwareSerial::HardwareSerial(void*, HalfDuplexMode_t)
                0x08003538                HardwareSerial::HardwareSerial(void*, HalfDuplexMode_t)
 .text._ZN14HardwareSerial18enableHalfDuplexRxEv
                0x080035d4       0x2c .pio/build/nucleo_f401re/libFrameworkArduino.a(HardwareSerial.cpp.o)
                0x080035d4                HardwareSerial::enableHalfDuplexRx()
 .text._ZN14HardwareSerial5beginEmh
                0x08003600       0x84 .pio/build/nucleo_f401re/libFrameworkArduino.a(HardwareSerial.cpp.o)
                0x08003600                HardwareSerial::begin(unsigned long, unsigned char)
 .text._ZN14HardwareSerial4readEv
                0x08003684       0x2e .pio/build/nucleo_f401re/libFrameworkArduino.a(HardwareSerial.cpp.o)
                0x08003684                HardwareSerial::read()
 *fill*         0x080036b2        0x2 
 .text.startup._GLOBAL__sub_I_Serial2
                0x080036b4       0x14 .pio/build/nucleo_f401re/libFrameworkArduino.a(HardwareSerial.cpp.o)
 .text._ZN5Print5writeEPKc
                0x080036c8       0x20 .pio/build/nucleo_f401re/libFrameworkArduino.a(Print.cpp.o)
                0x080036c8                Print::write(char const*)
 .text._ZN5Print5printEPKc
                0x080036e8        0x8 .pio/build/nucleo_f401re/libFrameworkArduino.a(Print.cpp.o)
                0x080036e8                Print::print(char const*)
 .text._ZN5Print5printEc
                0x080036f0        0x6 .pio/build/nucleo_f401re/libFrameworkArduino.a(Print.cpp.o)
                0x080036f0                Print::print(char)
 *fill*         0x080036f6        0x2 
 .text._ZN5Print7printlnEv
                0x080036f8       0x10 .pio/build/nucleo_f401re/libFrameworkArduino.a(Print.cpp.o)
                0x080036f8                Print::println()
 .text._ZN5Print11printNumberEmh
                0x08003708       0x3c .pio/build/nucleo_f401re/libFrameworkArduino.a(Print.cpp.o)
                0x08003708                Print::printNumber(unsigned long, unsigned char)
 .text._ZN5Print10printFloatIfEEjT_h
                0x08003744      0x104 .pio/build/nucleo_f401re/libFrameworkArduino.a(Print.cpp.o)
                0x08003744                unsigned int Print::printFloat<float>(float, unsigned char)
 .text._ZN5Print7printlnEfi
                0x08003848       0x16 .pio/build/nucleo_f401re/libFrameworkArduino.a(Print.cpp.o)
                0x08003848                Print::println(float, int)
 .text._ZN6Stream9timedReadEv
                0x0800385e       0x2a .pio/build/nucleo_f401re/libFrameworkArduino.a(Stream.cpp.o)
                0x0800385e                Stream::timedRead()
 .text._ZN6Stream9readBytesEPcj
                0x08003888       0x22 .pio/build/nucleo_f401re/libFrameworkArduino.a(Stream.cpp.o)
                0x08003888                Stream::readBytes(char*, unsigned int)
 .text._ZN6Stream14readBytesUntilEcPcj
                0x080038aa       0x30 .pio/build/nucleo_f401re/libFrameworkArduino.a(Stream.cpp.o)
                0x080038aa                Stream::readBytesUntil(char, char*, unsigned int)
 .text.startup._Z7premainv
                0x080038da       0x10 .pio/build/nucleo_f401re/libFrameworkArduino.a(main.cpp.o)
                0x080038da                premain()
 .text.startup.main
                0x080038ea       0x14 .pio/build/nucleo_f401re/libFrameworkArduino.a(main.cpp.o)
                0x080038ea                main
 *fill*         0x080038fe        0x2 
 .text.Reset_Handler
                0x08003900       0x50 .pio/build/nucleo_f401re/libFrameworkArduino.a(startup_stm32yyxx.S.o)
                0x08003900                Reset_Handler
 .text.Default_Handler
                0x08003950        0x2 .pio/build/nucleo_f401re/libFrameworkArduino.a(startup_stm32yyxx.S.o)
                0x08003950                RTC_Alarm_IRQHandler
                0x08003950                DebugMon_Handler
                0x08003950                SPI4_IRQHandler
                0x08003950                DMA2_Stream5_IRQHandler
                0x08003950                HardFault_Handler
                0x08003950                DMA1_Stream5_IRQHandler
                0x08003950                PVD_IRQHandler
                0x08003950                SDIO_IRQHandler
                0x08003950                TAMP_STAMP_IRQHandler
                0x08003950                PendSV_Handler
                0x08003950                NMI_Handler
                0x08003950                I2C3_ER_IRQHandler
                0x08003950                I2C2_EV_IRQHandler
                0x08003950                DMA1_Stream2_IRQHandler
                0x08003950                FPU_IRQHandler
                0x08003950                UsageFault_Handler
                0x08003950                DMA2_Stream2_IRQHandler
                0x08003950                SPI1_IRQHandler
                0x08003950                DMA2_Stream3_IRQHandler
                0x08003950                DMA2_Stream0_IRQHandler
                0x08003950                I2C1_EV_IRQHandler
                0x08003950                DMA1_Stream6_IRQHandler
                0x08003950                DMA1_Stream1_IRQHandler
                0x08003950                RCC_IRQHandler
                0x08003950                Default_Handler
                0x08003950                ADC_IRQHandler
                0x08003950                DMA1_Stream7_IRQHandler
                0x08003950                DMA2_Stream7_IRQHandler
                0x08003950                I2C3_EV_IRQHandler
                0x08003950                RTC_WKUP_IRQHandler
                0x08003950                SPI2_IRQHandler
                0x08003950                MemManage_Handler
                0x08003950                DMA1_Stream0_IRQHandler
                0x08003950                SVC_Handler
                0x08003950                WWDG_IRQHandler
                0x08003950                OTG_FS_WKUP_IRQHandler
                0x08003950                I2C2_ER_IRQHandler
                0x08003950                DMA2_Stream1_IRQHandler
                0x08003950                FLASH_IRQHandler
                0x08003950                DMA2_Stream4_IRQHandler
                0x08003950                BusFault_Handler
                0x08003950                OTG_FS_IRQHandler
                0x08003950                SPI3_IRQHandler
                0x08003950                DMA1_Stream4_IRQHandler
                0x08003950                I2C1_ER_IRQHandler
                0x08003950                DMA2_Stream6_IRQHandler
                0x08003950                DMA1_Stream3_IRQHandler
 .text.mapResolution
                0x08003952       0x26 .pio/build/nucleo_f401re/libFrameworkArduino.a(wiring_analog.c.o)
 .text.analogRead
                0x08003978       0x2c .pio/build/nucleo_f401re/libFrameworkArduino.a(wiring_analog.c.o)
                0x08003978                analogRead
 .text.pinMode  0x080039a4       0xbc .pio/build/nucleo_f401re/libFrameworkArduino.a(wiring_digital.c.o)
                0x080039a4                pinMode
 .text.millis   0x08003a60        0x4 .pio/build/nucleo_f401re/libFrameworkArduino.a(wiring_time.c.o)
                0x08003a60                millis
 .text._Z14serialEventRunv
                0x08003a64       0x1c .pio/build/nucleo_f401re/libFrameworkArduino.a(WSerial.cpp.o)
                0x08003a64                serialEventRun()
 .text.init     0x08003a80        0x4 .pio/build/nucleo_f401re/libFrameworkArduino.a(board.c.o)
                0x08003a80                init
 .text.analogInputToPinName
                0x08003a84       0x7c .pio/build/nucleo_f401re/libFrameworkArduino.a(pins_arduino.c.o)
                0x08003a84                analogInputToPinName
 .text.__udivmoddi4
                0x08003b00      0x2bc c:/users/elena/.platformio/packages/toolchain-gccarmnoneeabi/bin/../lib/gcc/arm-none-eabi/12.3.1/thumb/v7e-m+fp/hard\libgcc.a(_udivmoddi4.o)
                0x08003b00                __udivmoddi4
 .text.unlikely._ZSt25__throw_bad_function_callv
                0x08003dbc        0x6 c:/users/elena/.platformio/packages/toolchain-gccarmnoneeabi/bin/../lib/gcc/arm-none-eabi/12.3.1/../../../../arm-none-eabi/lib/thumb/v7e-m+fp/hard\libstdc++_nano.a(functional.o)
                0x08003dbc                std::__throw_bad_function_call()
 .text.abort    0x08003dc2        0xe c:/users/elena/.platformio/packages/toolchain-gccarmnoneeabi/bin/../lib/gcc/arm-none-eabi/12.3.1/../../../../arm-none-eabi/lib/thumb/v7e-m+fp/hard\libc_nano.a(libc_a-abort.o)
                0x08003dc2                abort
 .text.malloc   0x08003dd0       0x10 c:/users/elena/.platformio/packages/toolchain-gccarmnoneeabi/bin/../lib/gcc/arm-none-eabi/12.3.1/../../../../arm-none-eabi/lib/thumb/v7e-m+fp/hard\libc_nano.a(libc_a-malloc.o)
                0x08003dd0                malloc
 .text.free     0x08003de0       0x10 c:/users/elena/.platformio/packages/toolchain-gccarmnoneeabi/bin/../lib/gcc/arm-none-eabi/12.3.1/../../../../arm-none-eabi/lib/thumb/v7e-m+fp/hard\libc_nano.a(libc_a-malloc.o)
                0x08003de0                free
 .text.sbrk_aligned
                0x08003df0       0x44 c:/users/elena/.platformio/packages/toolchain-gccarmnoneeabi/bin/../lib/gcc/arm-none-eabi/12.3.1/../../../../arm-none-eabi/lib/thumb/v7e-m+fp/hard\libc_nano.a(libc_a-mallocr.o)
 .text._malloc_r
                0x08003e34      0x100 c:/users/elena/.platformio/packages/toolchain-gccarmnoneeabi/bin/../lib/gcc/arm-none-eabi/12.3.1/../../../../arm-none-eabi/lib/thumb/v7e-m+fp/hard\libc_nano.a(libc_a-mallocr.o)
                0x08003e34                _malloc_r
 .text.__malloc_lock
                0x08003f34        0xc c:/users/elena/.platformio/packages/toolchain-gccarmnoneeabi/bin/../lib/gcc/arm-none-eabi/12.3.1/../../../../arm-none-eabi/lib/thumb/v7e-m+fp/hard\libc_nano.a(libc_a-mlock.o)
                0x08003f34                __malloc_lock
 .text.__malloc_unlock
                0x08003f40        0xc c:/users/elena/.platformio/packages/toolchain-gccarmnoneeabi/bin/../lib/gcc/arm-none-eabi/12.3.1/../../../../arm-none-eabi/lib/thumb/v7e-m+fp/hard\libc_nano.a(libc_a-mlock.o)
                0x08003f40                __malloc_unlock
 .text.memset   0x08003f4c       0x10 c:/users/elena/.platformio/packages/toolchain-gccarmnoneeabi/bin/../lib/gcc/arm-none-eabi/12.3.1/../../../../arm-none-eabi/lib/thumb/v7e-m+fp/hard\libc_nano.a(libc_a-memset.o)
                0x08003f4c                memset
 .text._raise_r
                0x08003f5c       0x50 c:/users/elena/.platformio/packages/toolchain-gccarmnoneeabi/bin/../lib/gcc/arm-none-eabi/12.3.1/../../../../arm-none-eabi/lib/thumb/v7e-m+fp/hard\libc_nano.a(libc_a-signal.o)
                0x08003f5c                _raise_r
 .text.raise    0x08003fac       0x10 c:/users/elena/.platformio/packages/toolchain-gccarmnoneeabi/bin/../lib/gcc/arm-none-eabi/12.3.1/../../../../arm-none-eabi/lib/thumb/v7e-m+fp/hard\libc_nano.a(libc_a-signal.o)
                0x08003fac                raise
 .text._kill_r  0x08003fbc       0x24 c:/users/elena/.platformio/packages/toolchain-gccarmnoneeabi/bin/../lib/gcc/arm-none-eabi/12.3.1/../../../../arm-none-eabi/lib/thumb/v7e-m+fp/hard\libc_nano.a(libc_a-signalr.o)
                0x08003fbc                _kill_r
 .text._getpid_r
                0x08003fe0        0x4 c:/users/elena/.platformio/packages/toolchain-gccarmnoneeabi/bin/../lib/gcc/arm-none-eabi/12.3.1/../../../../arm-none-eabi/lib/thumb/v7e-m+fp/hard\libc_nano.a(libc_a-signalr.o)
                0x08003fe0                _getpid_r
 .text._sbrk_r  0x08003fe4       0x20 c:/users/elena/.platformio/packages/toolchain-gccarmnoneeabi/bin/../lib/gcc/arm-none-eabi/12.3.1/../../../../arm-none-eabi/lib/thumb/v7e-m+fp/hard\libc_nano.a(libc_a-sbrkr.o)
                0x08003fe4                _sbrk_r
 .text.__libc_init_array
                0x08004004       0x48 c:/users/elena/.platformio/packages/toolchain-gccarmnoneeabi/bin/../lib/gcc/arm-none-eabi/12.3.1/../../../../arm-none-eabi/lib/thumb/v7e-m+fp/hard\libc_nano.a(libc_a-init.o)
                0x08004004                __libc_init_array
 .text.__retarget_lock_acquire_recursive
                0x0800404c        0x2 c:/users/elena/.platformio/packages/toolchain-gccarmnoneeabi/bin/../lib/gcc/arm-none-eabi/12.3.1/../../../../arm-none-eabi/lib/thumb/v7e-m+fp/hard\libc_nano.a(libc_a-lock.o)
                0x0800404c                __retarget_lock_acquire_recursive
 .text.__retarget_lock_release_recursive
                0x0800404e        0x2 c:/users/elena/.platformio/packages/toolchain-gccarmnoneeabi/bin/../lib/gcc/arm-none-eabi/12.3.1/../../../../arm-none-eabi/lib/thumb/v7e-m+fp/hard\libc_nano.a(libc_a-lock.o)
                0x0800404e                __retarget_lock_release_recursive
 .text.memcpy   0x08004050       0x1c c:/users/elena/.platformio/packages/toolchain-gccarmnoneeabi/bin/../lib/gcc/arm-none-eabi/12.3.1/../../../../arm-none-eabi/lib/thumb/v7e-m+fp/hard\libc_nano.a(libc_a-memcpy-stub.o)
                0x08004050                memcpy
 .text._free_r  0x0800406c       0x94 c:/users/elena/.platformio/packages/toolchain-gccarmnoneeabi/bin/../lib/gcc/arm-none-eabi/12.3.1/../../../../arm-none-eabi/lib/thumb/v7e-m+fp/hard\libc_nano.a(libc_a-freer.o)
                0x0800406c                _free_r
 *(.glue_7)
 .glue_7        0x08004100        0x0 linker stubs
 *(.glue_7t)
 .glue_7t       0x08004100        0x0 linker stubs
 *(.eh_frame)
 .eh_frame      0x08004100        0x0 c:/users/elena/.platformio/packages/toolchain-gccarmnoneeabi/bin/../lib/gcc/arm-none-eabi/12.3.1/thumb/v7e-m+fp/hard/crtbegin.o
 *(.init)
 .init          0x08004100        0x4 c:/users/elena/.platformio/packages/toolchain-gccarmnoneeabi/bin/../lib/gcc/arm-none-eabi/12.3.1/thumb/v7e-m+fp/hard/crti.o
                0x08004100                _init
 .init          0x08004104        0x8 c:/users/elena/.platformio/packages/toolchain-gccarmnoneeabi/bin/../lib/gcc/arm-none-eabi/12.3.1/thumb/v7e-m+fp/hard/crtn.o
 *(.fini)
 .fini          0x0800410c        0x4 c:/users/elena/.platformio/packages/toolchain-gccarmnoneeabi/bin/../lib/gcc/arm-none-eabi/12.3.1/thumb/v7e-m+fp/hard/crti.o
                0x0800410c                _fini
 .fini          0x08004110        0x8 c:/users/elena/.platformio/packages/toolchain-gccarmnoneeabi/bin/../lib/gcc/arm-none-eabi/12.3.1/thumb/v7e-m+fp/hard/crtn.o
                0x08004118                        . = ALIGN (0x4)
                0x08004118                        _etext = .

.vfp11_veneer   0x08004118        0x0
 .vfp11_veneer  0x08004118        0x0 linker stubs

.v4_bx          0x08004118        0x0
 .v4_bx         0x08004118        0x0 linker stubs

.iplt           0x08004118        0x0
 .iplt          0x08004118        0x0 c:/users/elena/.platformio/packages/toolchain-gccarmnoneeabi/bin/../lib/gcc/arm-none-eabi/12.3.1/thumb/v7e-m+fp/hard/crtbegin.o

.rodata         0x08004118      0x548
                0x08004118                        . = ALIGN (0x4)
 *(.rodata)
 *(.rodata*)
 .rodata.PinMap_UART_CTS
                0x08004118       0x24 .pio/build/nucleo_f401re/FrameworkArduinoVariant/PeripheralPins.c.o
                0x08004118                PinMap_UART_CTS
 .rodata.PinMap_UART_RTS
                0x0800413c       0x24 .pio/build/nucleo_f401re/FrameworkArduinoVariant/PeripheralPins.c.o
                0x0800413c                PinMap_UART_RTS
 .rodata.PinMap_UART_RX
                0x08004160       0x48 .pio/build/nucleo_f401re/FrameworkArduinoVariant/PeripheralPins.c.o
                0x08004160                PinMap_UART_RX
 .rodata.PinMap_UART_TX
                0x080041a8       0x48 .pio/build/nucleo_f401re/FrameworkArduinoVariant/PeripheralPins.c.o
                0x080041a8                PinMap_UART_TX
 .rodata.PinMap_TIM
                0x080041f0      0x1ec .pio/build/nucleo_f401re/FrameworkArduinoVariant/PeripheralPins.c.o
                0x080041f0                PinMap_TIM
 .rodata.PinMap_ADC
                0x080043dc       0xcc .pio/build/nucleo_f401re/FrameworkArduinoVariant/PeripheralPins.c.o
                0x080043dc                PinMap_ADC
 .rodata.analogInputPin
                0x080044a8       0x40 .pio/build/nucleo_f401re/FrameworkArduinoVariant/variant_NUCLEO_F401RE.cpp.o
                0x080044a8                analogInputPin
 .rodata.digitalPin
                0x080044e8       0xd0 .pio/build/nucleo_f401re/FrameworkArduinoVariant/variant_NUCLEO_F401RE.cpp.o
                0x080044e8                digitalPin
 .rodata.pin_map_ll
                0x080045b8       0x40 .pio/build/nucleo_f401re/SrcWrapper/src/stm32/pinmap.c.o
                0x080045b8                pin_map_ll
 .rodata.APBPrescTable
                0x080045f8        0x8 .pio/build/nucleo_f401re/SrcWrapper/src/stm32/system_stm32yyxx.c.o
                0x080045f8                APBPrescTable
 .rodata.AHBPrescTable
                0x08004600       0x10 .pio/build/nucleo_f401re/SrcWrapper/src/stm32/system_stm32yyxx.c.o
                0x08004600                AHBPrescTable
 .rodata.loop.str1.1
                0x08004610        0xf .pio/build/nucleo_f401re/src/main.cpp.o
 .rodata.CSWTCH.73
                0x0800461f        0x5 .pio/build/nucleo_f401re/libFrameworkArduino.a(HardwareSerial.cpp.o)
 .rodata._ZTV14HardwareSerial
                0x08004624       0x2c .pio/build/nucleo_f401re/libFrameworkArduino.a(HardwareSerial.cpp.o)
                0x08004624                vtable for HardwareSerial
 .rodata._ZN5Print7printlnEv.str1.1
                0x08004650        0x3 .pio/build/nucleo_f401re/libFrameworkArduino.a(Print.cpp.o)
 .rodata._ZN5Print10printFloatIfEEjT_h.str1.1
                0x08004653        0xc .pio/build/nucleo_f401re/libFrameworkArduino.a(Print.cpp.o)
                0x08004660                        . = ALIGN (0x4)
 *fill*         0x0800465f        0x1 

.ARM.extab      0x08004660        0x0
                0x08004660                        . = ALIGN (0x4)
 *(.ARM.extab* .gnu.linkonce.armextab.*)
                0x08004660                        . = ALIGN (0x4)

.ARM            0x08004660        0x8
                0x08004660                        . = ALIGN (0x4)
                0x08004660                        __exidx_start = .
 *(.ARM.exidx*)
 .ARM.exidx     0x08004660        0x8 c:/users/elena/.platformio/packages/toolchain-gccarmnoneeabi/bin/../lib/gcc/arm-none-eabi/12.3.1/../../../../arm-none-eabi/lib/thumb/v7e-m+fp/hard\libc_nano.a(libc_a-strlen.o)
 .ARM.exidx.text.__udivmoddi4
                0x08004668        0x0 c:/users/elena/.platformio/packages/toolchain-gccarmnoneeabi/bin/../lib/gcc/arm-none-eabi/12.3.1/thumb/v7e-m+fp/hard\libgcc.a(_udivmoddi4.o)
                                  0x8 (size before relaxing)
                0x08004668                        __exidx_end = .
                0x08004668                        . = ALIGN (0x4)

.preinit_array  0x08004668        0x0
                0x08004668                        . = ALIGN (0x4)
                0x08004668                        PROVIDE (__preinit_array_start = .)
 *(.preinit_array*)
                0x08004668                        PROVIDE (__preinit_array_end = .)
                0x08004668                        . = ALIGN (0x4)

.init_array     0x08004668       0x10
                0x08004668                        . = ALIGN (0x4)
                0x08004668                        PROVIDE (__init_array_start = .)
 *(SORT_BY_NAME(.init_array.*))
 .init_array.00101
                0x08004668        0x4 .pio/build/nucleo_f401re/libFrameworkArduino.a(main.cpp.o)
 *(.init_array*)
 .init_array    0x0800466c        0x4 c:/users/elena/.platformio/packages/toolchain-gccarmnoneeabi/bin/../lib/gcc/arm-none-eabi/12.3.1/thumb/v7e-m+fp/hard/crtbegin.o
 .init_array    0x08004670        0x4 .pio/build/nucleo_f401re/SrcWrapper/src/stm32/interrupt.cpp.o
 .init_array    0x08004674        0x4 .pio/build/nucleo_f401re/libFrameworkArduino.a(HardwareSerial.cpp.o)
                0x08004678                        PROVIDE (__init_array_end = .)
                0x08004678                        . = ALIGN (0x4)

.fini_array     0x08004678        0x8
                0x08004678                        . = ALIGN (0x4)
                0x08004678                        PROVIDE (__fini_array_start = .)
 *(SORT_BY_NAME(.fini_array.*))
 *(.fini_array*)
 .fini_array    0x08004678        0x4 c:/users/elena/.platformio/packages/toolchain-gccarmnoneeabi/bin/../lib/gcc/arm-none-eabi/12.3.1/thumb/v7e-m+fp/hard/crtbegin.o
 .fini_array    0x0800467c        0x4 .pio/build/nucleo_f401re/SrcWrapper/src/stm32/interrupt.cpp.o
                0x08004680                        PROVIDE (__fini_array_end = .)
                0x08004680                        . = ALIGN (0x4)
                0x08004680                        _sidata = LOADADDR (.data)

.rel.dyn        0x08004680        0x0
 .rel.iplt      0x08004680        0x0 c:/users/elena/.platformio/packages/toolchain-gccarmnoneeabi/bin/../lib/gcc/arm-none-eabi/12.3.1/thumb/v7e-m+fp/hard/crtbegin.o

.data           0x20000000       0x74 load address 0x08004680
                0x20000000                        . = ALIGN (0x4)
                0x20000000                        _sdata = .
 *(.data)
 *(.data*)
 .data.uwTickFreq
                0x20000000        0x1 .pio/build/nucleo_f401re/SrcWrapper/src/HAL/stm32yyxx_hal.c.o
                0x20000000                uwTickFreq
 *fill*         0x20000001        0x3 
 .data.uwTickPrio
                0x20000004        0x4 .pio/build/nucleo_f401re/SrcWrapper/src/HAL/stm32yyxx_hal.c.o
                0x20000004                uwTickPrio
 .data._ZL13g_current_pin
                0x20000008        0x4 .pio/build/nucleo_f401re/SrcWrapper/src/stm32/analog.cpp.o
 .data.hcrc     0x2000000c        0x8 .pio/build/nucleo_f401re/SrcWrapper/src/stm32/hw_config.c.o
                0x2000000c                hcrc
 .data.SystemCoreClock
                0x20000014        0x4 .pio/build/nucleo_f401re/SrcWrapper/src/stm32/system_stm32yyxx.c.o
                0x20000014                SystemCoreClock
 .data.heap_end.0
                0x20000018        0x4 .pio/build/nucleo_f401re/SrcWrapper/src/syscalls.c.o
 .data._internalReadResolution
                0x2000001c        0x4 .pio/build/nucleo_f401re/libFrameworkArduino.a(wiring_analog.c.o)
 .data._readResolution
                0x20000020        0x4 .pio/build/nucleo_f401re/libFrameworkArduino.a(wiring_analog.c.o)
 .data._impure_ptr
                0x20000024        0x4 c:/users/elena/.platformio/packages/toolchain-gccarmnoneeabi/bin/../lib/gcc/arm-none-eabi/12.3.1/../../../../arm-none-eabi/lib/thumb/v7e-m+fp/hard\libc_nano.a(libc_a-impure.o)
                0x20000024                _impure_ptr
 .data._impure_data
                0x20000028       0x4c c:/users/elena/.platformio/packages/toolchain-gccarmnoneeabi/bin/../lib/gcc/arm-none-eabi/12.3.1/../../../../arm-none-eabi/lib/thumb/v7e-m+fp/hard\libc_nano.a(libc_a-impure.o)
                0x20000028                _impure_data
 *(.RamFunc)
 *(.RamFunc*)
                0x20000074                        . = ALIGN (0x4)
                0x20000074                        _edata = .

.igot.plt       0x20000074        0x0 load address 0x080046f4
 .igot.plt      0x20000074        0x0 c:/users/elena/.platformio/packages/toolchain-gccarmnoneeabi/bin/../lib/gcc/arm-none-eabi/12.3.1/thumb/v7e-m+fp/hard/crtbegin.o
                0x20000074                        . = ALIGN (0x4)

.bss            0x20000074      0x410 load address 0x080046f4
                0x20000074                        _sbss = .
                0x20000074                        __bss_start__ = _sbss
 *(.bss)
 *(.bss*)
 .bss.completed.1
                0x20000074        0x1 c:/users/elena/.platformio/packages/toolchain-gccarmnoneeabi/bin/../lib/gcc/arm-none-eabi/12.3.1/thumb/v7e-m+fp/hard/crtbegin.o
 *fill*         0x20000075        0x3 
 .bss.object.0  0x20000078       0x18 c:/users/elena/.platformio/packages/toolchain-gccarmnoneeabi/bin/../lib/gcc/arm-none-eabi/12.3.1/thumb/v7e-m+fp/hard/crtbegin.o
 .bss.uwTick    0x20000090        0x4 .pio/build/nucleo_f401re/SrcWrapper/src/HAL/stm32yyxx_hal.c.o
                0x20000090                uwTick
 .bss.HardwareTimer_Handle
                0x20000094       0x20 .pio/build/nucleo_f401re/SrcWrapper/src/HardwareTimer.cpp.o
                0x20000094                HardwareTimer_Handle
 .bss._ZL13gpio_irq_conf
                0x200000b4      0x140 .pio/build/nucleo_f401re/SrcWrapper/src/stm32/interrupt.cpp.o
 .bss.uart_handlers
                0x200001f4        0xc .pio/build/nucleo_f401re/SrcWrapper/src/stm32/uart.c.o
 .bss.measureX  0x20000200        0x4 .pio/build/nucleo_f401re/src/main.cpp.o
                0x20000200                measureX
 .bss.measureY  0x20000204        0x4 .pio/build/nucleo_f401re/src/main.cpp.o
                0x20000204                measureY
 .bss.measureZ  0x20000208        0x4 .pio/build/nucleo_f401re/src/main.cpp.o
                0x20000208                measureZ
 .bss.Serial2   0x2000020c      0x118 .pio/build/nucleo_f401re/libFrameworkArduino.a(HardwareSerial.cpp.o)
                0x2000020c                Serial2
 .bss.g_anOutputPinConfigured
                0x20000324       0x18 .pio/build/nucleo_f401re/libFrameworkArduino.a(wiring_analog.c.o)
                0x20000324                g_anOutputPinConfigured
 .bss.__malloc_sbrk_start
                0x2000033c        0x4 c:/users/elena/.platformio/packages/toolchain-gccarmnoneeabi/bin/../lib/gcc/arm-none-eabi/12.3.1/../../../../arm-none-eabi/lib/thumb/v7e-m+fp/hard\libc_nano.a(libc_a-mallocr.o)
                0x2000033c                __malloc_sbrk_start
 .bss.__malloc_free_list
                0x20000340        0x4 c:/users/elena/.platformio/packages/toolchain-gccarmnoneeabi/bin/../lib/gcc/arm-none-eabi/12.3.1/../../../../arm-none-eabi/lib/thumb/v7e-m+fp/hard\libc_nano.a(libc_a-mallocr.o)
                0x20000340                __malloc_free_list
 .bss.__sf      0x20000344      0x138 c:/users/elena/.platformio/packages/toolchain-gccarmnoneeabi/bin/../lib/gcc/arm-none-eabi/12.3.1/../../../../arm-none-eabi/lib/thumb/v7e-m+fp/hard\libc_nano.a(libc_a-findfp.o)
                0x20000344                __sf
 .bss.errno     0x2000047c        0x4 c:/users/elena/.platformio/packages/toolchain-gccarmnoneeabi/bin/../lib/gcc/arm-none-eabi/12.3.1/../../../../arm-none-eabi/lib/thumb/v7e-m+fp/hard\libc_nano.a(libc_a-reent.o)
                0x2000047c                errno
 .bss.__lock___malloc_recursive_mutex
                0x20000480        0x1 c:/users/elena/.platformio/packages/toolchain-gccarmnoneeabi/bin/../lib/gcc/arm-none-eabi/12.3.1/../../../../arm-none-eabi/lib/thumb/v7e-m+fp/hard\libc_nano.a(libc_a-lock.o)
                0x20000480                __lock___malloc_recursive_mutex
 *(COMMON)
                0x20000484                        . = ALIGN (0x4)
 *fill*         0x20000481        0x3 
                0x20000484                        _ebss = .
                0x20000484                        __bss_end__ = _ebss
LOAD c:/users/elena/.platformio/packages/toolchain-gccarmnoneeabi/bin/../lib/gcc/arm-none-eabi/12.3.1/thumb/v7e-m+fp/hard/crti.o
LOAD c:/users/elena/.platformio/packages/toolchain-gccarmnoneeabi/bin/../lib/gcc/arm-none-eabi/12.3.1/thumb/v7e-m+fp/hard/crtbegin.o
LOAD c:/users/elena/.platformio/packages/toolchain-gccarmnoneeabi/bin/../lib/gcc/arm-none-eabi/12.3.1/../../../../arm-none-eabi/lib/thumb/v7e-m+fp/hard/crt0.o
                0x00080000                        LD_MAX_SIZE = 0x80000
                0x00018000                        LD_MAX_DATA_SIZE = 0x18000
                0x00000000                        LD_FLASH_OFFSET = 0x0
LOAD .pio/build/nucleo_f401re/FrameworkArduinoVariant/PeripheralPins.c.o
LOAD .pio/build/nucleo_f401re/FrameworkArduinoVariant/PeripheralPins_CoreBoard_F401RC.c.o
LOAD .pio/build/nucleo_f401re/FrameworkArduinoVariant/generic_clock.c.o
LOAD .pio/build/nucleo_f401re/FrameworkArduinoVariant/variant_CoreBoard_F401RC.cpp.o
LOAD .pio/build/nucleo_f401re/FrameworkArduinoVariant/variant_NUCLEO_F401RE.cpp.o
LOAD .pio/build/nucleo_f401re/FrameworkArduinoVariant/variant_generic.cpp.o
LOAD .pio/build/nucleo_f401re/SrcWrapper/src/HAL/stm32yyxx_hal.c.o
LOAD .pio/build/nucleo_f401re/SrcWrapper/src/HAL/stm32yyxx_hal_adc.c.o
LOAD .pio/build/nucleo_f401re/SrcWrapper/src/HAL/stm32yyxx_hal_adc_ex.c.o
LOAD .pio/build/nucleo_f401re/SrcWrapper/src/HAL/stm32yyxx_hal_can.c.o
LOAD .pio/build/nucleo_f401re/SrcWrapper/src/HAL/stm32yyxx_hal_cec.c.o
LOAD .pio/build/nucleo_f401re/SrcWrapper/src/HAL/stm32yyxx_hal_comp.c.o
LOAD .pio/build/nucleo_f401re/SrcWrapper/src/HAL/stm32yyxx_hal_comp_ex.c.o
LOAD .pio/build/nucleo_f401re/SrcWrapper/src/HAL/stm32yyxx_hal_cordic.c.o
LOAD .pio/build/nucleo_f401re/SrcWrapper/src/HAL/stm32yyxx_hal_cortex.c.o
LOAD .pio/build/nucleo_f401re/SrcWrapper/src/HAL/stm32yyxx_hal_crc.c.o
LOAD .pio/build/nucleo_f401re/SrcWrapper/src/HAL/stm32yyxx_hal_crc_ex.c.o
LOAD .pio/build/nucleo_f401re/SrcWrapper/src/HAL/stm32yyxx_hal_cryp.c.o
LOAD .pio/build/nucleo_f401re/SrcWrapper/src/HAL/stm32yyxx_hal_cryp_ex.c.o
LOAD .pio/build/nucleo_f401re/SrcWrapper/src/HAL/stm32yyxx_hal_dac.c.o
LOAD .pio/build/nucleo_f401re/SrcWrapper/src/HAL/stm32yyxx_hal_dac_ex.c.o
LOAD .pio/build/nucleo_f401re/SrcWrapper/src/HAL/stm32yyxx_hal_dcache.c.o
LOAD .pio/build/nucleo_f401re/SrcWrapper/src/HAL/stm32yyxx_hal_dcmi.c.o
LOAD .pio/build/nucleo_f401re/SrcWrapper/src/HAL/stm32yyxx_hal_dcmi_ex.c.o
LOAD .pio/build/nucleo_f401re/SrcWrapper/src/HAL/stm32yyxx_hal_dfsdm.c.o
LOAD .pio/build/nucleo_f401re/SrcWrapper/src/HAL/stm32yyxx_hal_dfsdm_ex.c.o
LOAD .pio/build/nucleo_f401re/SrcWrapper/src/HAL/stm32yyxx_hal_dma.c.o
LOAD .pio/build/nucleo_f401re/SrcWrapper/src/HAL/stm32yyxx_hal_dma2d.c.o
LOAD .pio/build/nucleo_f401re/SrcWrapper/src/HAL/stm32yyxx_hal_dma_ex.c.o
LOAD .pio/build/nucleo_f401re/SrcWrapper/src/HAL/stm32yyxx_hal_dsi.c.o
LOAD .pio/build/nucleo_f401re/SrcWrapper/src/HAL/stm32yyxx_hal_dts.c.o
LOAD .pio/build/nucleo_f401re/SrcWrapper/src/HAL/stm32yyxx_hal_eth.c.o
LOAD .pio/build/nucleo_f401re/SrcWrapper/src/HAL/stm32yyxx_hal_eth_ex.c.o
LOAD .pio/build/nucleo_f401re/SrcWrapper/src/HAL/stm32yyxx_hal_exti.c.o
LOAD .pio/build/nucleo_f401re/SrcWrapper/src/HAL/stm32yyxx_hal_fdcan.c.o
LOAD .pio/build/nucleo_f401re/SrcWrapper/src/HAL/stm32yyxx_hal_firewall.c.o
LOAD .pio/build/nucleo_f401re/SrcWrapper/src/HAL/stm32yyxx_hal_flash.c.o
LOAD .pio/build/nucleo_f401re/SrcWrapper/src/HAL/stm32yyxx_hal_flash_ex.c.o
LOAD .pio/build/nucleo_f401re/SrcWrapper/src/HAL/stm32yyxx_hal_flash_ramfunc.c.o
LOAD .pio/build/nucleo_f401re/SrcWrapper/src/HAL/stm32yyxx_hal_fmac.c.o
LOAD .pio/build/nucleo_f401re/SrcWrapper/src/HAL/stm32yyxx_hal_fmpi2c.c.o
LOAD .pio/build/nucleo_f401re/SrcWrapper/src/HAL/stm32yyxx_hal_fmpi2c_ex.c.o
LOAD .pio/build/nucleo_f401re/SrcWrapper/src/HAL/stm32yyxx_hal_fmpsmbus.c.o
LOAD .pio/build/nucleo_f401re/SrcWrapper/src/HAL/stm32yyxx_hal_fmpsmbus_ex.c.o
LOAD .pio/build/nucleo_f401re/SrcWrapper/src/HAL/stm32yyxx_hal_gfxmmu.c.o
LOAD .pio/build/nucleo_f401re/SrcWrapper/src/HAL/stm32yyxx_hal_gfxtim.c.o
LOAD .pio/build/nucleo_f401re/SrcWrapper/src/HAL/stm32yyxx_hal_gpio.c.o
LOAD .pio/build/nucleo_f401re/SrcWrapper/src/HAL/stm32yyxx_hal_gpio_ex.c.o
LOAD .pio/build/nucleo_f401re/SrcWrapper/src/HAL/stm32yyxx_hal_gpu2d.c.o
LOAD .pio/build/nucleo_f401re/SrcWrapper/src/HAL/stm32yyxx_hal_gtzc.c.o
LOAD .pio/build/nucleo_f401re/SrcWrapper/src/HAL/stm32yyxx_hal_hash.c.o
LOAD .pio/build/nucleo_f401re/SrcWrapper/src/HAL/stm32yyxx_hal_hash_ex.c.o
LOAD .pio/build/nucleo_f401re/SrcWrapper/src/HAL/stm32yyxx_hal_hcd.c.o
LOAD .pio/build/nucleo_f401re/SrcWrapper/src/HAL/stm32yyxx_hal_hrtim.c.o
LOAD .pio/build/nucleo_f401re/SrcWrapper/src/HAL/stm32yyxx_hal_hsem.c.o
LOAD .pio/build/nucleo_f401re/SrcWrapper/src/HAL/stm32yyxx_hal_i2c.c.o
LOAD .pio/build/nucleo_f401re/SrcWrapper/src/HAL/stm32yyxx_hal_i2c_ex.c.o
LOAD .pio/build/nucleo_f401re/SrcWrapper/src/HAL/stm32yyxx_hal_i2s.c.o
LOAD .pio/build/nucleo_f401re/SrcWrapper/src/HAL/stm32yyxx_hal_i2s_ex.c.o
LOAD .pio/build/nucleo_f401re/SrcWrapper/src/HAL/stm32yyxx_hal_i3c.c.o
LOAD .pio/build/nucleo_f401re/SrcWrapper/src/HAL/stm32yyxx_hal_icache.c.o
LOAD .pio/build/nucleo_f401re/SrcWrapper/src/HAL/stm32yyxx_hal_ipcc.c.o
LOAD .pio/build/nucleo_f401re/SrcWrapper/src/HAL/stm32yyxx_hal_irda.c.o
LOAD .pio/build/nucleo_f401re/SrcWrapper/src/HAL/stm32yyxx_hal_iwdg.c.o
LOAD .pio/build/nucleo_f401re/SrcWrapper/src/HAL/stm32yyxx_hal_jpeg.c.o
LOAD .pio/build/nucleo_f401re/SrcWrapper/src/HAL/stm32yyxx_hal_lcd.c.o
LOAD .pio/build/nucleo_f401re/SrcWrapper/src/HAL/stm32yyxx_hal_lptim.c.o
LOAD .pio/build/nucleo_f401re/SrcWrapper/src/HAL/stm32yyxx_hal_ltdc.c.o
LOAD .pio/build/nucleo_f401re/SrcWrapper/src/HAL/stm32yyxx_hal_ltdc_ex.c.o
LOAD .pio/build/nucleo_f401re/SrcWrapper/src/HAL/stm32yyxx_hal_mdf.c.o
LOAD .pio/build/nucleo_f401re/SrcWrapper/src/HAL/stm32yyxx_hal_mdios.c.o
LOAD .pio/build/nucleo_f401re/SrcWrapper/src/HAL/stm32yyxx_hal_mdma.c.o
LOAD .pio/build/nucleo_f401re/SrcWrapper/src/HAL/stm32yyxx_hal_mmc.c.o
LOAD .pio/build/nucleo_f401re/SrcWrapper/src/HAL/stm32yyxx_hal_mmc_ex.c.o
LOAD .pio/build/nucleo_f401re/SrcWrapper/src/HAL/stm32yyxx_hal_nand.c.o
LOAD .pio/build/nucleo_f401re/SrcWrapper/src/HAL/stm32yyxx_hal_nor.c.o
LOAD .pio/build/nucleo_f401re/SrcWrapper/src/HAL/stm32yyxx_hal_opamp.c.o
LOAD .pio/build/nucleo_f401re/SrcWrapper/src/HAL/stm32yyxx_hal_opamp_ex.c.o
LOAD .pio/build/nucleo_f401re/SrcWrapper/src/HAL/stm32yyxx_hal_ospi.c.o
LOAD .pio/build/nucleo_f401re/SrcWrapper/src/HAL/stm32yyxx_hal_otfdec.c.o
LOAD .pio/build/nucleo_f401re/SrcWrapper/src/HAL/stm32yyxx_hal_pccard.c.o
LOAD .pio/build/nucleo_f401re/SrcWrapper/src/HAL/stm32yyxx_hal_pcd.c.o
LOAD .pio/build/nucleo_f401re/SrcWrapper/src/HAL/stm32yyxx_hal_pcd_ex.c.o
LOAD .pio/build/nucleo_f401re/SrcWrapper/src/HAL/stm32yyxx_hal_pka.c.o
LOAD .pio/build/nucleo_f401re/SrcWrapper/src/HAL/stm32yyxx_hal_pssi.c.o
LOAD .pio/build/nucleo_f401re/SrcWrapper/src/HAL/stm32yyxx_hal_pwr.c.o
LOAD .pio/build/nucleo_f401re/SrcWrapper/src/HAL/stm32yyxx_hal_pwr_ex.c.o
LOAD .pio/build/nucleo_f401re/SrcWrapper/src/HAL/stm32yyxx_hal_qspi.c.o
LOAD .pio/build/nucleo_f401re/SrcWrapper/src/HAL/stm32yyxx_hal_ramcfg.c.o
LOAD .pio/build/nucleo_f401re/SrcWrapper/src/HAL/stm32yyxx_hal_ramecc.c.o
LOAD .pio/build/nucleo_f401re/SrcWrapper/src/HAL/stm32yyxx_hal_rcc.c.o
LOAD .pio/build/nucleo_f401re/SrcWrapper/src/HAL/stm32yyxx_hal_rcc_ex.c.o
LOAD .pio/build/nucleo_f401re/SrcWrapper/src/HAL/stm32yyxx_hal_rng.c.o
LOAD .pio/build/nucleo_f401re/SrcWrapper/src/HAL/stm32yyxx_hal_rng_ex.c.o
LOAD .pio/build/nucleo_f401re/SrcWrapper/src/HAL/stm32yyxx_hal_rtc.c.o
LOAD .pio/build/nucleo_f401re/SrcWrapper/src/HAL/stm32yyxx_hal_rtc_ex.c.o
LOAD .pio/build/nucleo_f401re/SrcWrapper/src/HAL/stm32yyxx_hal_sai.c.o
LOAD .pio/build/nucleo_f401re/SrcWrapper/src/HAL/stm32yyxx_hal_sai_ex.c.o
LOAD .pio/build/nucleo_f401re/SrcWrapper/src/HAL/stm32yyxx_hal_sd.c.o
LOAD .pio/build/nucleo_f401re/SrcWrapper/src/HAL/stm32yyxx_hal_sd_ex.c.o
LOAD .pio/build/nucleo_f401re/SrcWrapper/src/HAL/stm32yyxx_hal_sdadc.c.o
LOAD .pio/build/nucleo_f401re/SrcWrapper/src/HAL/stm32yyxx_hal_sdio.c.o
LOAD .pio/build/nucleo_f401re/SrcWrapper/src/HAL/stm32yyxx_hal_sdram.c.o
LOAD .pio/build/nucleo_f401re/SrcWrapper/src/HAL/stm32yyxx_hal_smartcard.c.o
LOAD .pio/build/nucleo_f401re/SrcWrapper/src/HAL/stm32yyxx_hal_smartcard_ex.c.o
LOAD .pio/build/nucleo_f401re/SrcWrapper/src/HAL/stm32yyxx_hal_smbus.c.o
LOAD .pio/build/nucleo_f401re/SrcWrapper/src/HAL/stm32yyxx_hal_smbus_ex.c.o
LOAD .pio/build/nucleo_f401re/SrcWrapper/src/HAL/stm32yyxx_hal_spdifrx.c.o
LOAD .pio/build/nucleo_f401re/SrcWrapper/src/HAL/stm32yyxx_hal_spi.c.o
LOAD .pio/build/nucleo_f401re/SrcWrapper/src/HAL/stm32yyxx_hal_spi_ex.c.o
LOAD .pio/build/nucleo_f401re/SrcWrapper/src/HAL/stm32yyxx_hal_sram.c.o
LOAD .pio/build/nucleo_f401re/SrcWrapper/src/HAL/stm32yyxx_hal_subghz.c.o
LOAD .pio/build/nucleo_f401re/SrcWrapper/src/HAL/stm32yyxx_hal_swpmi.c.o
LOAD .pio/build/nucleo_f401re/SrcWrapper/src/HAL/stm32yyxx_hal_tim.c.o
LOAD .pio/build/nucleo_f401re/SrcWrapper/src/HAL/stm32yyxx_hal_tim_ex.c.o
LOAD .pio/build/nucleo_f401re/SrcWrapper/src/HAL/stm32yyxx_hal_tsc.c.o
LOAD .pio/build/nucleo_f401re/SrcWrapper/src/HAL/stm32yyxx_hal_uart.c.o
LOAD .pio/build/nucleo_f401re/SrcWrapper/src/HAL/stm32yyxx_hal_uart_ex.c.o
LOAD .pio/build/nucleo_f401re/SrcWrapper/src/HAL/stm32yyxx_hal_usart.c.o
LOAD .pio/build/nucleo_f401re/SrcWrapper/src/HAL/stm32yyxx_hal_usart_ex.c.o
LOAD .pio/build/nucleo_f401re/SrcWrapper/src/HAL/stm32yyxx_hal_wwdg.c.o
LOAD .pio/build/nucleo_f401re/SrcWrapper/src/HAL/stm32yyxx_hal_xspi.c.o
LOAD .pio/build/nucleo_f401re/SrcWrapper/src/HardwareTimer.cpp.o
LOAD .pio/build/nucleo_f401re/SrcWrapper/src/LL/stm32yyxx_ll_adc.c.o
LOAD .pio/build/nucleo_f401re/SrcWrapper/src/LL/stm32yyxx_ll_bdma.c.o
LOAD .pio/build/nucleo_f401re/SrcWrapper/src/LL/stm32yyxx_ll_comp.c.o
LOAD .pio/build/nucleo_f401re/SrcWrapper/src/LL/stm32yyxx_ll_cordic.c.o
LOAD .pio/build/nucleo_f401re/SrcWrapper/src/LL/stm32yyxx_ll_crc.c.o
LOAD .pio/build/nucleo_f401re/SrcWrapper/src/LL/stm32yyxx_ll_crs.c.o
LOAD .pio/build/nucleo_f401re/SrcWrapper/src/LL/stm32yyxx_ll_dac.c.o
LOAD .pio/build/nucleo_f401re/SrcWrapper/src/LL/stm32yyxx_ll_delayblock.c.o
LOAD .pio/build/nucleo_f401re/SrcWrapper/src/LL/stm32yyxx_ll_dlyb.c.o
LOAD .pio/build/nucleo_f401re/SrcWrapper/src/LL/stm32yyxx_ll_dma.c.o
LOAD .pio/build/nucleo_f401re/SrcWrapper/src/LL/stm32yyxx_ll_dma2d.c.o
LOAD .pio/build/nucleo_f401re/SrcWrapper/src/LL/stm32yyxx_ll_exti.c.o
LOAD .pio/build/nucleo_f401re/SrcWrapper/src/LL/stm32yyxx_ll_fmac.c.o
LOAD .pio/build/nucleo_f401re/SrcWrapper/src/LL/stm32yyxx_ll_fmc.c.o
LOAD .pio/build/nucleo_f401re/SrcWrapper/src/LL/stm32yyxx_ll_fmpi2c.c.o
LOAD .pio/build/nucleo_f401re/SrcWrapper/src/LL/stm32yyxx_ll_fsmc.c.o
LOAD .pio/build/nucleo_f401re/SrcWrapper/src/LL/stm32yyxx_ll_gpio.c.o
LOAD .pio/build/nucleo_f401re/SrcWrapper/src/LL/stm32yyxx_ll_hrtim.c.o
LOAD .pio/build/nucleo_f401re/SrcWrapper/src/LL/stm32yyxx_ll_i2c.c.o
LOAD .pio/build/nucleo_f401re/SrcWrapper/src/LL/stm32yyxx_ll_i3c.c.o
LOAD .pio/build/nucleo_f401re/SrcWrapper/src/LL/stm32yyxx_ll_icache.c.o
LOAD .pio/build/nucleo_f401re/SrcWrapper/src/LL/stm32yyxx_ll_lpgpio.c.o
LOAD .pio/build/nucleo_f401re/SrcWrapper/src/LL/stm32yyxx_ll_lptim.c.o
LOAD .pio/build/nucleo_f401re/SrcWrapper/src/LL/stm32yyxx_ll_lpuart.c.o
LOAD .pio/build/nucleo_f401re/SrcWrapper/src/LL/stm32yyxx_ll_mdma.c.o
LOAD .pio/build/nucleo_f401re/SrcWrapper/src/LL/stm32yyxx_ll_opamp.c.o
LOAD .pio/build/nucleo_f401re/SrcWrapper/src/LL/stm32yyxx_ll_pka.c.o
LOAD .pio/build/nucleo_f401re/SrcWrapper/src/LL/stm32yyxx_ll_pwr.c.o
LOAD .pio/build/nucleo_f401re/SrcWrapper/src/LL/stm32yyxx_ll_rcc.c.o
LOAD .pio/build/nucleo_f401re/SrcWrapper/src/LL/stm32yyxx_ll_rng.c.o
LOAD .pio/build/nucleo_f401re/SrcWrapper/src/LL/stm32yyxx_ll_rtc.c.o
LOAD .pio/build/nucleo_f401re/SrcWrapper/src/LL/stm32yyxx_ll_sdmmc.c.o
LOAD .pio/build/nucleo_f401re/SrcWrapper/src/LL/stm32yyxx_ll_spi.c.o
LOAD .pio/build/nucleo_f401re/SrcWrapper/src/LL/stm32yyxx_ll_swpmi.c.o
LOAD .pio/build/nucleo_f401re/SrcWrapper/src/LL/stm32yyxx_ll_tim.c.o
LOAD .pio/build/nucleo_f401re/SrcWrapper/src/LL/stm32yyxx_ll_ucpd.c.o
LOAD .pio/build/nucleo_f401re/SrcWrapper/src/LL/stm32yyxx_ll_usart.c.o
LOAD .pio/build/nucleo_f401re/SrcWrapper/src/LL/stm32yyxx_ll_usb.c.o
LOAD .pio/build/nucleo_f401re/SrcWrapper/src/LL/stm32yyxx_ll_utils.c.o
LOAD .pio/build/nucleo_f401re/SrcWrapper/src/new.cpp.o
LOAD .pio/build/nucleo_f401re/SrcWrapper/src/stm32/PortNames.c.o
LOAD .pio/build/nucleo_f401re/SrcWrapper/src/stm32/analog.cpp.o
LOAD .pio/build/nucleo_f401re/SrcWrapper/src/stm32/bootloader.c.o
LOAD .pio/build/nucleo_f401re/SrcWrapper/src/stm32/clock.c.o
LOAD .pio/build/nucleo_f401re/SrcWrapper/src/stm32/core_callback.c.o
LOAD .pio/build/nucleo_f401re/SrcWrapper/src/stm32/dwt.c.o
LOAD .pio/build/nucleo_f401re/SrcWrapper/src/stm32/hw_config.c.o
LOAD .pio/build/nucleo_f401re/SrcWrapper/src/stm32/interrupt.cpp.o
LOAD .pio/build/nucleo_f401re/SrcWrapper/src/stm32/otp.c.o
LOAD .pio/build/nucleo_f401re/SrcWrapper/src/stm32/pinmap.c.o
LOAD .pio/build/nucleo_f401re/SrcWrapper/src/stm32/stm32_def.c.o
LOAD .pio/build/nucleo_f401re/SrcWrapper/src/stm32/system_stm32yyxx.c.o
LOAD .pio/build/nucleo_f401re/SrcWrapper/src/stm32/timer.c.o
LOAD .pio/build/nucleo_f401re/SrcWrapper/src/stm32/uart.c.o
LOAD .pio/build/nucleo_f401re/SrcWrapper/src/syscalls.c.o
LOAD .pio/build/nucleo_f401re/src/main.cpp.o
START GROUP
LOAD .pio/build/nucleo_f401re/libFrameworkArduino.a
LOAD c:/users/elena/.platformio/packages/toolchain-gccarmnoneeabi/bin/../lib/gcc/arm-none-eabi/12.3.1/thumb/v7e-m+fp/hard\libgcc.a
LOAD c:/users/elena/.platformio/packages/toolchain-gccarmnoneeabi/bin/../lib/gcc/arm-none-eabi/12.3.1/../../../../arm-none-eabi/lib/thumb/v7e-m+fp/hard\libstdc++_nano.a
END GROUP
LOAD c:/users/elena/.platformio/packages/toolchain-gccarmnoneeabi/bin/../lib/gcc/arm-none-eabi/12.3.1/../../../../arm-none-eabi/lib/thumb/v7e-m+fp/hard\libstdc++_nano.a
LOAD c:/users/elena/.platformio/packages/toolchain-gccarmnoneeabi/bin/../lib/gcc/arm-none-eabi/12.3.1/../../../../arm-none-eabi/lib/thumb/v7e-m+fp/hard\libm.a
LOAD c:/users/elena/.platformio/packages/toolchain-gccarmnoneeabi/bin/../lib/gcc/arm-none-eabi/12.3.1/../../../../arm-none-eabi/lib/thumb/v7e-m+fp/hard\libc_nano.a
START GROUP
LOAD c:/users/elena/.platformio/packages/toolchain-gccarmnoneeabi/bin/../lib/gcc/arm-none-eabi/12.3.1/thumb/v7e-m+fp/hard\libgcc.a
LOAD c:/users/elena/.platformio/packages/toolchain-gccarmnoneeabi/bin/../lib/gcc/arm-none-eabi/12.3.1/../../../../arm-none-eabi/lib/thumb/v7e-m+fp/hard\libc_nano.a
END GROUP
START GROUP
LOAD c:/users/elena/.platformio/packages/toolchain-gccarmnoneeabi/bin/../lib/gcc/arm-none-eabi/12.3.1/thumb/v7e-m+fp/hard\libgcc.a
LOAD c:/users/elena/.platformio/packages/toolchain-gccarmnoneeabi/bin/../lib/gcc/arm-none-eabi/12.3.1/../../../../arm-none-eabi/lib/thumb/v7e-m+fp/hard\libc_nano.a
END GROUP
LOAD c:/users/elena/.platformio/packages/toolchain-gccarmnoneeabi/bin/../lib/gcc/arm-none-eabi/12.3.1/thumb/v7e-m+fp/hard/crtend.o
LOAD c:/users/elena/.platformio/packages/toolchain-gccarmnoneeabi/bin/../lib/gcc/arm-none-eabi/12.3.1/thumb/v7e-m+fp/hard/crtn.o

.noinit         0x20000484        0x0
                0x20000484                        . = ALIGN (0x4)
                0x20000484                        _snoinit = .
 *(.noinit)
 *(.noinit*)
                0x20000484                        . = ALIGN (0x4)
                0x20000484                        _enoinit = .

._user_heap_stack
                0x20000484      0x604
                0x20000488                        . = ALIGN (0x8)
 *fill*         0x20000484        0x4 
                [!provide]                        PROVIDE (end = .)
                0x20000488                        PROVIDE (_end = .)
                0x20000688                        . = (. + _Min_Heap_Size)
 *fill*         0x20000488      0x200 
                0x20000a88                        . = (. + _Min_Stack_Size)
 *fill*         0x20000688      0x400 
                0x20000a88                        . = ALIGN (0x8)

/DISCARD/
 libc.a(*)
 libm.a(*)
 libgcc.a(*)

.ARM.attributes
                0x00000000       0x30
 *(.ARM.attributes)
 .ARM.attributes
                0x00000000       0x22 c:/users/elena/.platformio/packages/toolchain-gccarmnoneeabi/bin/../lib/gcc/arm-none-eabi/12.3.1/thumb/v7e-m+fp/hard/crti.o
 .ARM.attributes
                0x00000022       0x34 c:/users/elena/.platformio/packages/toolchain-gccarmnoneeabi/bin/../lib/gcc/arm-none-eabi/12.3.1/thumb/v7e-m+fp/hard/crtbegin.o
 .ARM.attributes
                0x00000056       0x34 .pio/build/nucleo_f401re/FrameworkArduinoVariant/PeripheralPins.c.o
 .ARM.attributes
                0x0000008a       0x34 .pio/build/nucleo_f401re/FrameworkArduinoVariant/variant_NUCLEO_F401RE.cpp.o
 .ARM.attributes
                0x000000be       0x34 .pio/build/nucleo_f401re/SrcWrapper/src/HAL/stm32yyxx_hal.c.o
 .ARM.attributes
                0x000000f2       0x34 .pio/build/nucleo_f401re/SrcWrapper/src/HAL/stm32yyxx_hal_adc.c.o
 .ARM.attributes
                0x00000126       0x34 .pio/build/nucleo_f401re/SrcWrapper/src/HAL/stm32yyxx_hal_cortex.c.o
 .ARM.attributes
                0x0000015a       0x34 .pio/build/nucleo_f401re/SrcWrapper/src/HAL/stm32yyxx_hal_crc.c.o
 .ARM.attributes
                0x0000018e       0x34 .pio/build/nucleo_f401re/SrcWrapper/src/HAL/stm32yyxx_hal_dma.c.o
 .ARM.attributes
                0x000001c2       0x34 .pio/build/nucleo_f401re/SrcWrapper/src/HAL/stm32yyxx_hal_gpio.c.o
 .ARM.attributes
                0x000001f6       0x34 .pio/build/nucleo_f401re/SrcWrapper/src/HAL/stm32yyxx_hal_rcc.c.o
 .ARM.attributes
                0x0000022a       0x34 .pio/build/nucleo_f401re/SrcWrapper/src/HAL/stm32yyxx_hal_tim.c.o
 .ARM.attributes
                0x0000025e       0x34 .pio/build/nucleo_f401re/SrcWrapper/src/HAL/stm32yyxx_hal_tim_ex.c.o
 .ARM.attributes
                0x00000292       0x34 .pio/build/nucleo_f401re/SrcWrapper/src/HAL/stm32yyxx_hal_uart.c.o
 .ARM.attributes
                0x000002c6       0x34 .pio/build/nucleo_f401re/SrcWrapper/src/HardwareTimer.cpp.o
 .ARM.attributes
                0x000002fa       0x34 .pio/build/nucleo_f401re/SrcWrapper/src/new.cpp.o
 .ARM.attributes
                0x0000032e       0x34 .pio/build/nucleo_f401re/SrcWrapper/src/stm32/PortNames.c.o
 .ARM.attributes
                0x00000362       0x34 .pio/build/nucleo_f401re/SrcWrapper/src/stm32/analog.cpp.o
 .ARM.attributes
                0x00000396       0x34 .pio/build/nucleo_f401re/SrcWrapper/src/stm32/clock.c.o
 .ARM.attributes
                0x000003ca       0x34 .pio/build/nucleo_f401re/SrcWrapper/src/stm32/dwt.c.o
 .ARM.attributes
                0x000003fe       0x34 .pio/build/nucleo_f401re/SrcWrapper/src/stm32/hw_config.c.o
 .ARM.attributes
                0x00000432       0x34 .pio/build/nucleo_f401re/SrcWrapper/src/stm32/interrupt.cpp.o
 .ARM.attributes
                0x00000466       0x34 .pio/build/nucleo_f401re/SrcWrapper/src/stm32/pinmap.c.o
 .ARM.attributes
                0x0000049a       0x34 .pio/build/nucleo_f401re/SrcWrapper/src/stm32/system_stm32yyxx.c.o
 .ARM.attributes
                0x000004ce       0x34 .pio/build/nucleo_f401re/SrcWrapper/src/stm32/timer.c.o
 .ARM.attributes
                0x00000502       0x34 .pio/build/nucleo_f401re/SrcWrapper/src/stm32/uart.c.o
 .ARM.attributes
                0x00000536       0x34 .pio/build/nucleo_f401re/SrcWrapper/src/syscalls.c.o
 .ARM.attributes
                0x0000056a       0x34 .pio/build/nucleo_f401re/src/main.cpp.o
 .ARM.attributes
                0x0000059e       0x34 .pio/build/nucleo_f401re/libFrameworkArduino.a(HardwareSerial.cpp.o)
 .ARM.attributes
                0x000005d2       0x34 .pio/build/nucleo_f401re/libFrameworkArduino.a(Print.cpp.o)
 .ARM.attributes
                0x00000606       0x34 .pio/build/nucleo_f401re/libFrameworkArduino.a(Stream.cpp.o)
 .ARM.attributes
                0x0000063a       0x34 .pio/build/nucleo_f401re/libFrameworkArduino.a(main.cpp.o)
 .ARM.attributes
                0x0000066e       0x21 .pio/build/nucleo_f401re/libFrameworkArduino.a(startup_stm32yyxx.S.o)
 .ARM.attributes
                0x0000068f       0x34 .pio/build/nucleo_f401re/libFrameworkArduino.a(wiring_analog.c.o)
 .ARM.attributes
                0x000006c3       0x34 .pio/build/nucleo_f401re/libFrameworkArduino.a(wiring_digital.c.o)
 .ARM.attributes
                0x000006f7       0x34 .pio/build/nucleo_f401re/libFrameworkArduino.a(wiring_time.c.o)
 .ARM.attributes
                0x0000072b       0x34 .pio/build/nucleo_f401re/libFrameworkArduino.a(WSerial.cpp.o)
 .ARM.attributes
                0x0000075f       0x34 .pio/build/nucleo_f401re/libFrameworkArduino.a(board.c.o)
 .ARM.attributes
                0x00000793       0x34 .pio/build/nucleo_f401re/libFrameworkArduino.a(pins_arduino.c.o)
 .ARM.attributes
                0x000007c7       0x22 c:/users/elena/.platformio/packages/toolchain-gccarmnoneeabi/bin/../lib/gcc/arm-none-eabi/12.3.1/thumb/v7e-m+fp/hard\libgcc.a(_arm_addsubdf3.o)
 .ARM.attributes
                0x000007e9       0x22 c:/users/elena/.platformio/packages/toolchain-gccarmnoneeabi/bin/../lib/gcc/arm-none-eabi/12.3.1/thumb/v7e-m+fp/hard\libgcc.a(_arm_muldivdf3.o)
 .ARM.attributes
                0x0000080b       0x22 c:/users/elena/.platformio/packages/toolchain-gccarmnoneeabi/bin/../lib/gcc/arm-none-eabi/12.3.1/thumb/v7e-m+fp/hard\libgcc.a(_arm_truncdfsf2.o)
 .ARM.attributes
                0x0000082d       0x22 c:/users/elena/.platformio/packages/toolchain-gccarmnoneeabi/bin/../lib/gcc/arm-none-eabi/12.3.1/thumb/v7e-m+fp/hard\libgcc.a(_aeabi_uldivmod.o)
 .ARM.attributes
                0x0000084f       0x34 c:/users/elena/.platformio/packages/toolchain-gccarmnoneeabi/bin/../lib/gcc/arm-none-eabi/12.3.1/thumb/v7e-m+fp/hard\libgcc.a(_udivmoddi4.o)
 .ARM.attributes
                0x00000883       0x22 c:/users/elena/.platformio/packages/toolchain-gccarmnoneeabi/bin/../lib/gcc/arm-none-eabi/12.3.1/thumb/v7e-m+fp/hard\libgcc.a(_dvmd_tls.o)
 .ARM.attributes
                0x000008a5       0x34 c:/users/elena/.platformio/packages/toolchain-gccarmnoneeabi/bin/../lib/gcc/arm-none-eabi/12.3.1/../../../../arm-none-eabi/lib/thumb/v7e-m+fp/hard\libstdc++_nano.a(functional.o)
 .ARM.attributes
                0x000008d9       0x34 c:/users/elena/.platformio/packages/toolchain-gccarmnoneeabi/bin/../lib/gcc/arm-none-eabi/12.3.1/../../../../arm-none-eabi/lib/thumb/v7e-m+fp/hard\libc_nano.a(libc_a-abort.o)
 .ARM.attributes
                0x0000090d       0x34 c:/users/elena/.platformio/packages/toolchain-gccarmnoneeabi/bin/../lib/gcc/arm-none-eabi/12.3.1/../../../../arm-none-eabi/lib/thumb/v7e-m+fp/hard\libc_nano.a(libc_a-malloc.o)
 .ARM.attributes
                0x00000941       0x34 c:/users/elena/.platformio/packages/toolchain-gccarmnoneeabi/bin/../lib/gcc/arm-none-eabi/12.3.1/../../../../arm-none-eabi/lib/thumb/v7e-m+fp/hard\libc_nano.a(libc_a-mallocr.o)
 .ARM.attributes
                0x00000975       0x34 c:/users/elena/.platformio/packages/toolchain-gccarmnoneeabi/bin/../lib/gcc/arm-none-eabi/12.3.1/../../../../arm-none-eabi/lib/thumb/v7e-m+fp/hard\libc_nano.a(libc_a-mlock.o)
 .ARM.attributes
                0x000009a9       0x34 c:/users/elena/.platformio/packages/toolchain-gccarmnoneeabi/bin/../lib/gcc/arm-none-eabi/12.3.1/../../../../arm-none-eabi/lib/thumb/v7e-m+fp/hard\libc_nano.a(libc_a-findfp.o)
 .ARM.attributes
                0x000009dd       0x34 c:/users/elena/.platformio/packages/toolchain-gccarmnoneeabi/bin/../lib/gcc/arm-none-eabi/12.3.1/../../../../arm-none-eabi/lib/thumb/v7e-m+fp/hard\libc_nano.a(libc_a-memset.o)
 .ARM.attributes
                0x00000a11       0x34 c:/users/elena/.platformio/packages/toolchain-gccarmnoneeabi/bin/../lib/gcc/arm-none-eabi/12.3.1/../../../../arm-none-eabi/lib/thumb/v7e-m+fp/hard\libc_nano.a(libc_a-signal.o)
 .ARM.attributes
                0x00000a45       0x34 c:/users/elena/.platformio/packages/toolchain-gccarmnoneeabi/bin/../lib/gcc/arm-none-eabi/12.3.1/../../../../arm-none-eabi/lib/thumb/v7e-m+fp/hard\libc_nano.a(libc_a-reent.o)
 .ARM.attributes
                0x00000a79       0x34 c:/users/elena/.platformio/packages/toolchain-gccarmnoneeabi/bin/../lib/gcc/arm-none-eabi/12.3.1/../../../../arm-none-eabi/lib/thumb/v7e-m+fp/hard\libc_nano.a(libc_a-impure.o)
 .ARM.attributes
                0x00000aad       0x34 c:/users/elena/.platformio/packages/toolchain-gccarmnoneeabi/bin/../lib/gcc/arm-none-eabi/12.3.1/../../../../arm-none-eabi/lib/thumb/v7e-m+fp/hard\libc_nano.a(libc_a-signalr.o)
 .ARM.attributes
                0x00000ae1       0x34 c:/users/elena/.platformio/packages/toolchain-gccarmnoneeabi/bin/../lib/gcc/arm-none-eabi/12.3.1/../../../../arm-none-eabi/lib/thumb/v7e-m+fp/hard\libc_nano.a(libc_a-sbrkr.o)
 .ARM.attributes
                0x00000b15       0x34 c:/users/elena/.platformio/packages/toolchain-gccarmnoneeabi/bin/../lib/gcc/arm-none-eabi/12.3.1/../../../../arm-none-eabi/lib/thumb/v7e-m+fp/hard\libc_nano.a(libc_a-init.o)
 .ARM.attributes
                0x00000b49       0x34 c:/users/elena/.platformio/packages/toolchain-gccarmnoneeabi/bin/../lib/gcc/arm-none-eabi/12.3.1/../../../../arm-none-eabi/lib/thumb/v7e-m+fp/hard\libc_nano.a(libc_a-lock.o)
 .ARM.attributes
                0x00000b7d       0x34 c:/users/elena/.platformio/packages/toolchain-gccarmnoneeabi/bin/../lib/gcc/arm-none-eabi/12.3.1/../../../../arm-none-eabi/lib/thumb/v7e-m+fp/hard\libc_nano.a(libc_a-memcpy-stub.o)
 .ARM.attributes
                0x00000bb1       0x17 c:/users/elena/.platformio/packages/toolchain-gccarmnoneeabi/bin/../lib/gcc/arm-none-eabi/12.3.1/../../../../arm-none-eabi/lib/thumb/v7e-m+fp/hard\libc_nano.a(libc_a-strlen.o)
 .ARM.attributes
                0x00000bc8       0x34 c:/users/elena/.platformio/packages/toolchain-gccarmnoneeabi/bin/../lib/gcc/arm-none-eabi/12.3.1/../../../../arm-none-eabi/lib/thumb/v7e-m+fp/hard\libc_nano.a(libc_a-freer.o)
 .ARM.attributes
                0x00000bfc       0x22 c:/users/elena/.platformio/packages/toolchain-gccarmnoneeabi/bin/../lib/gcc/arm-none-eabi/12.3.1/thumb/v7e-m+fp/hard/crtn.o
OUTPUT(.pio/build/nucleo_f401re/firmware.elf elf32-littlearm)
LOAD linker stubs
LOAD c:/users/elena/.platformio/packages/toolchain-gccarmnoneeabi/bin/../lib/gcc/arm-none-eabi/12.3.1/../../../../arm-none-eabi/lib/thumb/v7e-m+fp/hard\libc.a
LOAD c:/users/elena/.platformio/packages/toolchain-gccarmnoneeabi/bin/../lib/gcc/arm-none-eabi/12.3.1/../../../../arm-none-eabi/lib/thumb/v7e-m+fp/hard\libm.a
LOAD c:/users/elena/.platformio/packages/toolchain-gccarmnoneeabi/bin/../lib/gcc/arm-none-eabi/12.3.1/thumb/v7e-m+fp/hard\libgcc.a

.comment        0x00000000       0x39
 .comment       0x00000000       0x39 c:/users/elena/.platformio/packages/toolchain-gccarmnoneeabi/bin/../lib/gcc/arm-none-eabi/12.3.1/thumb/v7e-m+fp/hard/crtbegin.o
                                 0x3a (size before relaxing)
 .comment       0x00000039       0x3a .pio/build/nucleo_f401re/FrameworkArduinoVariant/PeripheralPins.c.o
 .comment       0x00000039       0x3a .pio/build/nucleo_f401re/FrameworkArduinoVariant/variant_NUCLEO_F401RE.cpp.o
 .comment       0x00000039       0x3a .pio/build/nucleo_f401re/SrcWrapper/src/HAL/stm32yyxx_hal.c.o
 .comment       0x00000039       0x3a .pio/build/nucleo_f401re/SrcWrapper/src/HAL/stm32yyxx_hal_adc.c.o
 .comment       0x00000039       0x3a .pio/build/nucleo_f401re/SrcWrapper/src/HAL/stm32yyxx_hal_cortex.c.o
 .comment       0x00000039       0x3a .pio/build/nucleo_f401re/SrcWrapper/src/HAL/stm32yyxx_hal_crc.c.o
 .comment       0x00000039       0x3a .pio/build/nucleo_f401re/SrcWrapper/src/HAL/stm32yyxx_hal_dma.c.o
 .comment       0x00000039       0x3a .pio/build/nucleo_f401re/SrcWrapper/src/HAL/stm32yyxx_hal_gpio.c.o
 .comment       0x00000039       0x3a .pio/build/nucleo_f401re/SrcWrapper/src/HAL/stm32yyxx_hal_rcc.c.o
 .comment       0x00000039       0x3a .pio/build/nucleo_f401re/SrcWrapper/src/HAL/stm32yyxx_hal_tim.c.o
 .comment       0x00000039       0x3a .pio/build/nucleo_f401re/SrcWrapper/src/HAL/stm32yyxx_hal_tim_ex.c.o
 .comment       0x00000039       0x3a .pio/build/nucleo_f401re/SrcWrapper/src/HAL/stm32yyxx_hal_uart.c.o
 .comment       0x00000039       0x3a .pio/build/nucleo_f401re/SrcWrapper/src/HardwareTimer.cpp.o
 .comment       0x00000039       0x3a .pio/build/nucleo_f401re/SrcWrapper/src/new.cpp.o
 .comment       0x00000039       0x3a .pio/build/nucleo_f401re/SrcWrapper/src/stm32/PortNames.c.o
 .comment       0x00000039       0x3a .pio/build/nucleo_f401re/SrcWrapper/src/stm32/analog.cpp.o
 .comment       0x00000039       0x3a .pio/build/nucleo_f401re/SrcWrapper/src/stm32/clock.c.o
 .comment       0x00000039       0x3a .pio/build/nucleo_f401re/SrcWrapper/src/stm32/dwt.c.o
 .comment       0x00000039       0x3a .pio/build/nucleo_f401re/SrcWrapper/src/stm32/hw_config.c.o
 .comment       0x00000039       0x3a .pio/build/nucleo_f401re/SrcWrapper/src/stm32/interrupt.cpp.o
 .comment       0x00000039       0x3a .pio/build/nucleo_f401re/SrcWrapper/src/stm32/pinmap.c.o
 .comment       0x00000039       0x3a .pio/build/nucleo_f401re/SrcWrapper/src/stm32/system_stm32yyxx.c.o
 .comment       0x00000039       0x3a .pio/build/nucleo_f401re/SrcWrapper/src/stm32/timer.c.o
 .comment       0x00000039       0x3a .pio/build/nucleo_f401re/SrcWrapper/src/stm32/uart.c.o
 .comment       0x00000039       0x3a .pio/build/nucleo_f401re/SrcWrapper/src/syscalls.c.o
 .comment       0x00000039       0x3a .pio/build/nucleo_f401re/src/main.cpp.o
 .comment       0x00000039       0x3a .pio/build/nucleo_f401re/libFrameworkArduino.a(HardwareSerial.cpp.o)
 .comment       0x00000039       0x3a .pio/build/nucleo_f401re/libFrameworkArduino.a(Print.cpp.o)
 .comment       0x00000039       0x3a .pio/build/nucleo_f401re/libFrameworkArduino.a(Stream.cpp.o)
 .comment       0x00000039       0x3a .pio/build/nucleo_f401re/libFrameworkArduino.a(main.cpp.o)
 .comment       0x00000039       0x3a .pio/build/nucleo_f401re/libFrameworkArduino.a(wiring_analog.c.o)
 .comment       0x00000039       0x3a .pio/build/nucleo_f401re/libFrameworkArduino.a(wiring_digital.c.o)
 .comment       0x00000039       0x3a .pio/build/nucleo_f401re/libFrameworkArduino.a(wiring_time.c.o)
 .comment       0x00000039       0x3a .pio/build/nucleo_f401re/libFrameworkArduino.a(WSerial.cpp.o)
 .comment       0x00000039       0x3a .pio/build/nucleo_f401re/libFrameworkArduino.a(board.c.o)
 .comment       0x00000039       0x3a .pio/build/nucleo_f401re/libFrameworkArduino.a(pins_arduino.c.o)
 .comment       0x00000039       0x3a c:/users/elena/.platformio/packages/toolchain-gccarmnoneeabi/bin/../lib/gcc/arm-none-eabi/12.3.1/thumb/v7e-m+fp/hard\libgcc.a(_udivmoddi4.o)
 .comment       0x00000039       0x3a c:/users/elena/.platformio/packages/toolchain-gccarmnoneeabi/bin/../lib/gcc/arm-none-eabi/12.3.1/../../../../arm-none-eabi/lib/thumb/v7e-m+fp/hard\libstdc++_nano.a(functional.o)
 .comment       0x00000039       0x3a c:/users/elena/.platformio/packages/toolchain-gccarmnoneeabi/bin/../lib/gcc/arm-none-eabi/12.3.1/../../../../arm-none-eabi/lib/thumb/v7e-m+fp/hard\libc_nano.a(libc_a-abort.o)
 .comment       0x00000039       0x3a c:/users/elena/.platformio/packages/toolchain-gccarmnoneeabi/bin/../lib/gcc/arm-none-eabi/12.3.1/../../../../arm-none-eabi/lib/thumb/v7e-m+fp/hard\libc_nano.a(libc_a-malloc.o)
 .comment       0x00000039       0x3a c:/users/elena/.platformio/packages/toolchain-gccarmnoneeabi/bin/../lib/gcc/arm-none-eabi/12.3.1/../../../../arm-none-eabi/lib/thumb/v7e-m+fp/hard\libc_nano.a(libc_a-mallocr.o)
 .comment       0x00000039       0x3a c:/users/elena/.platformio/packages/toolchain-gccarmnoneeabi/bin/../lib/gcc/arm-none-eabi/12.3.1/../../../../arm-none-eabi/lib/thumb/v7e-m+fp/hard\libc_nano.a(libc_a-mlock.o)
 .comment       0x00000039       0x3a c:/users/elena/.platformio/packages/toolchain-gccarmnoneeabi/bin/../lib/gcc/arm-none-eabi/12.3.1/../../../../arm-none-eabi/lib/thumb/v7e-m+fp/hard\libc_nano.a(libc_a-findfp.o)
 .comment       0x00000039       0x3a c:/users/elena/.platformio/packages/toolchain-gccarmnoneeabi/bin/../lib/gcc/arm-none-eabi/12.3.1/../../../../arm-none-eabi/lib/thumb/v7e-m+fp/hard\libc_nano.a(libc_a-memset.o)
 .comment       0x00000039       0x3a c:/users/elena/.platformio/packages/toolchain-gccarmnoneeabi/bin/../lib/gcc/arm-none-eabi/12.3.1/../../../../arm-none-eabi/lib/thumb/v7e-m+fp/hard\libc_nano.a(libc_a-signal.o)
 .comment       0x00000039       0x3a c:/users/elena/.platformio/packages/toolchain-gccarmnoneeabi/bin/../lib/gcc/arm-none-eabi/12.3.1/../../../../arm-none-eabi/lib/thumb/v7e-m+fp/hard\libc_nano.a(libc_a-reent.o)
 .comment       0x00000039       0x3a c:/users/elena/.platformio/packages/toolchain-gccarmnoneeabi/bin/../lib/gcc/arm-none-eabi/12.3.1/../../../../arm-none-eabi/lib/thumb/v7e-m+fp/hard\libc_nano.a(libc_a-impure.o)
 .comment       0x00000039       0x3a c:/users/elena/.platformio/packages/toolchain-gccarmnoneeabi/bin/../lib/gcc/arm-none-eabi/12.3.1/../../../../arm-none-eabi/lib/thumb/v7e-m+fp/hard\libc_nano.a(libc_a-signalr.o)
 .comment       0x00000039       0x3a c:/users/elena/.platformio/packages/toolchain-gccarmnoneeabi/bin/../lib/gcc/arm-none-eabi/12.3.1/../../../../arm-none-eabi/lib/thumb/v7e-m+fp/hard\libc_nano.a(libc_a-sbrkr.o)
 .comment       0x00000039       0x3a c:/users/elena/.platformio/packages/toolchain-gccarmnoneeabi/bin/../lib/gcc/arm-none-eabi/12.3.1/../../../../arm-none-eabi/lib/thumb/v7e-m+fp/hard\libc_nano.a(libc_a-init.o)
 .comment       0x00000039       0x3a c:/users/elena/.platformio/packages/toolchain-gccarmnoneeabi/bin/../lib/gcc/arm-none-eabi/12.3.1/../../../../arm-none-eabi/lib/thumb/v7e-m+fp/hard\libc_nano.a(libc_a-lock.o)
 .comment       0x00000039       0x3a c:/users/elena/.platformio/packages/toolchain-gccarmnoneeabi/bin/../lib/gcc/arm-none-eabi/12.3.1/../../../../arm-none-eabi/lib/thumb/v7e-m+fp/hard\libc_nano.a(libc_a-memcpy-stub.o)
 .comment       0x00000039       0x3a c:/users/elena/.platformio/packages/toolchain-gccarmnoneeabi/bin/../lib/gcc/arm-none-eabi/12.3.1/../../../../arm-none-eabi/lib/thumb/v7e-m+fp/hard\libc_nano.a(libc_a-freer.o)

.debug_line     0x00000000      0x9b2
 .debug_line    0x00000000      0x16f c:/users/elena/.platformio/packages/toolchain-gccarmnoneeabi/bin/../lib/gcc/arm-none-eabi/12.3.1/thumb/v7e-m+fp/hard\libgcc.a(_arm_addsubdf3.o)